AR dcm_100m behavioral C:/Users/John/Documents/PHYS301_Xilinx/Lab9/Experiment3/DCM_100M.vhd sub00/vhpl65 1541524495
EN dcm_50m NULL "C:/Users/Chris/Documents/School/7th Year/Fall 2018/Phys301/Programs/Lab9/Experiment3/DCM_50M.vhd" sub00/vhpl06 1541473622
EN fjkc_mxilinx_clk_quarterhz NULL C:/Users/John/Documents/PHYS301_Xilinx/Lab9/Experiment3/CLK_QuarterHz.vhf sub00/vhpl32 1541524534
EN cb4cled_mxilinx_sequence_generator NULL C:/Users/John/Documents/PHYS301_Xilinx/Lab9/Experiment3/sequence_generator.vhf sub00/vhpl24 1541524522
AR snaggle_tx behavioral C:/Users/John/Documents/PHYS301_Xilinx/Lab9/Experiment3/SNAGGLE_TX.vhf sub00/vhpl63 1541524545
AR yogi_et_muser_sequence_generator behavioral C:/Users/John/Documents/PHYS301_Xilinx/Lab9/Experiment3/sequence_generator.vhf sub00/vhpl15 1541524499
AR clk_quarterhz_muser_sequence_generator behavioral C:/Users/John/Documents/PHYS301_Xilinx/Lab9/Experiment3/sequence_generator.vhf sub00/vhpl29 1541524527
AR fjkc_mxilinx_sequence_generator behavioral C:/Users/John/Documents/PHYS301_Xilinx/Lab9/Experiment3/sequence_generator.vhf sub00/vhpl27 1541524525
EN exp3 NULL C:/Users/John/Documents/PHYS301_Xilinx/Lab9/Experiment3/exp3.vhf sub00/vhpl10 1541524496
AR snaggle_rx_muser_sequence_generator behavioral C:/Users/John/Documents/PHYS301_Xilinx/Lab9/Experiment3/sequence_generator.vhf sub00/vhpl49 1541524503
EN ssd_1dig NULL C:/Users/John/Documents/PHYS301_Xilinx/Lab9/Experiment3/SSD_1dig.vhd sub00/vhpl00 1541524492
EN sel_strobeb NULL C:/Users/John/Documents/PHYS301_Xilinx/Lab9/Experiment3/sel_strobeB.vhd sub00/vhpl08 1541524490
EN m2_1b1_mxilinx_sequence_generator NULL C:/Users/John/Documents/PHYS301_Xilinx/Lab9/Experiment3/sequence_generator.vhf sub00/vhpl18 1541524516
AR yogi_st_muser_sequence_generator behavioral C:/Users/John/Documents/PHYS301_Xilinx/Lab9/Experiment3/sequence_generator.vhf sub00/vhpl13 1541524501
EN yogi_et_muser_sequence_generator NULL C:/Users/John/Documents/PHYS301_Xilinx/Lab9/Experiment3/sequence_generator.vhf sub00/vhpl14 1541524498
EN d4_16e_mxilinx_sequence_generator NULL C:/Users/John/Documents/PHYS301_Xilinx/Lab9/Experiment3/sequence_generator.vhf sub00/vhpl16 1541524514
AR m2_1_mxilinx_sequence_generator behavioral C:/Users/John/Documents/PHYS301_Xilinx/Lab9/Experiment3/sequence_generator.vhf sub00/vhpl21 1541524519
AR booboo_st_muser_sequence_generator behavioral C:/Users/John/Documents/PHYS301_Xilinx/Lab9/Experiment3/sequence_generator.vhf sub00/vhpl41 1541524511
AR mux4ssd behavioral C:/Users/John/Documents/PHYS301_Xilinx/Lab9/Experiment3/mux4SSD.vhd sub00/vhpl03 1541524489
AR clk_quarterhz behavioral C:/Users/John/Documents/PHYS301_Xilinx/Lab9/Experiment3/CLK_QuarterHz.vhf sub00/vhpl35 1541524537
AR ftclex_mxilinx_sequence_generator behavioral C:/Users/John/Documents/PHYS301_Xilinx/Lab9/Experiment3/sequence_generator.vhf sub00/vhpl23 1541524521
AR fjkc_mxilinx_clk_quarterhz behavioral C:/Users/John/Documents/PHYS301_Xilinx/Lab9/Experiment3/CLK_QuarterHz.vhf sub00/vhpl33 1541524535
EN yogi_et NULL C:/Users/John/Documents/PHYS301_Xilinx/Lab9/Experiment3/YOGI_ET.vhf sub00/vhpl36 1541524546
EN ranger_en NULL C:/Users/John/Documents/PHYS301_Xilinx/Lab9/Experiment3/RANGER_EN.vhf sub00/vhpl56 1541524538
AR yogi_et behavioral C:/Users/John/Documents/PHYS301_Xilinx/Lab9/Experiment3/YOGI_ET.vhf sub00/vhpl37 1541524547
AR snaggle_rx behavioral C:/Users/John/Documents/PHYS301_Xilinx/Lab9/Experiment3/SNAGGLE_RX.vhf sub00/vhpl61 1541524543
EN sequence_generator NULL C:/Users/John/Documents/PHYS301_Xilinx/Lab9/Experiment3/sequence_generator.vhf sub00/vhpl30 1541524528
EN m2_1_mxilinx_sequence_generator NULL C:/Users/John/Documents/PHYS301_Xilinx/Lab9/Experiment3/sequence_generator.vhf sub00/vhpl20 1541524518
EN ranger_rd_muser_sequence_generator NULL C:/Users/John/Documents/PHYS301_Xilinx/Lab9/Experiment3/sequence_generator.vhf sub00/vhpl52 1541524506
AR ranger_rd behavioral C:/Users/John/Documents/PHYS301_Xilinx/Lab9/Experiment3/RANGER_RD.vhf sub00/vhpl59 1541524541
EN booboo_en NULL C:/Users/John/Documents/PHYS301_Xilinx/Lab9/Experiment3/BOOBOO_EN.vhf sub00/vhpl44 1541524530
EN dcm_100m NULL C:/Users/John/Documents/PHYS301_Xilinx/Lab9/Experiment3/DCM_100M.vhd sub00/vhpl64 1541524494
EN bin2bcd3en NULL C:/Users/John/Documents/PHYS301_Xilinx/Lab9/Experiment3/bin2BCD3en.vhd sub00/vhpl04 1541524486
AR ranger_en_muser_sequence_generator behavioral C:/Users/John/Documents/PHYS301_Xilinx/Lab9/Experiment3/sequence_generator.vhf sub00/vhpl55 1541524509
AR cb4cled_mxilinx_sequence_generator behavioral C:/Users/John/Documents/PHYS301_Xilinx/Lab9/Experiment3/sequence_generator.vhf sub00/vhpl25 1541524523
AR snaggle_tx_muser_sequence_generator behavioral C:/Users/John/Documents/PHYS301_Xilinx/Lab9/Experiment3/sequence_generator.vhf sub00/vhpl51 1541524505
EN booboo_en_muser_sequence_generator NULL C:/Users/John/Documents/PHYS301_Xilinx/Lab9/Experiment3/sequence_generator.vhf sub00/vhpl42 1541524512
AR booboo_en behavioral C:/Users/John/Documents/PHYS301_Xilinx/Lab9/Experiment3/BOOBOO_EN.vhf sub00/vhpl45 1541524531
AR sel_strobeb behavioral C:/Users/John/Documents/PHYS301_Xilinx/Lab9/Experiment3/sel_strobeB.vhd sub00/vhpl09 1541524491
EN snaggle_rx NULL C:/Users/John/Documents/PHYS301_Xilinx/Lab9/Experiment3/SNAGGLE_RX.vhf sub00/vhpl60 1541524542
AR ssd_1dig behavioral C:/Users/John/Documents/PHYS301_Xilinx/Lab9/Experiment3/SSD_1dig.vhd sub00/vhpl01 1541524493
AR d4_16e_mxilinx_sequence_generator behavioral C:/Users/John/Documents/PHYS301_Xilinx/Lab9/Experiment3/sequence_generator.vhf sub00/vhpl17 1541524515
EN mux4ssd NULL C:/Users/John/Documents/PHYS301_Xilinx/Lab9/Experiment3/mux4SSD.vhd sub00/vhpl02 1541524488
EN clk_quarterhz NULL C:/Users/John/Documents/PHYS301_Xilinx/Lab9/Experiment3/CLK_QuarterHz.vhf sub00/vhpl34 1541524536
EN fjkc_mxilinx_sequence_generator NULL C:/Users/John/Documents/PHYS301_Xilinx/Lab9/Experiment3/sequence_generator.vhf sub00/vhpl26 1541524524
EN ranger_en_muser_sequence_generator NULL C:/Users/John/Documents/PHYS301_Xilinx/Lab9/Experiment3/sequence_generator.vhf sub00/vhpl54 1541524508
EN snaggle_tx NULL C:/Users/John/Documents/PHYS301_Xilinx/Lab9/Experiment3/SNAGGLE_TX.vhf sub00/vhpl62 1541524544
EN ranger_rd NULL C:/Users/John/Documents/PHYS301_Xilinx/Lab9/Experiment3/RANGER_RD.vhf sub00/vhpl58 1541524540
AR sequence_generator behavioral C:/Users/John/Documents/PHYS301_Xilinx/Lab9/Experiment3/sequence_generator.vhf sub00/vhpl31 1541524529
EN yogi_st NULL C:/Users/John/Documents/PHYS301_Xilinx/Lab9/Experiment3/YOGI_ST.vhf sub00/vhpl38 1541524548
AR ranger_rd_muser_sequence_generator behavioral C:/Users/John/Documents/PHYS301_Xilinx/Lab9/Experiment3/sequence_generator.vhf sub00/vhpl53 1541524507
EN yogi_st_muser_sequence_generator NULL C:/Users/John/Documents/PHYS301_Xilinx/Lab9/Experiment3/sequence_generator.vhf sub00/vhpl12 1541524500
EN snaggle_rx_muser_sequence_generator NULL C:/Users/John/Documents/PHYS301_Xilinx/Lab9/Experiment3/sequence_generator.vhf sub00/vhpl48 1541524502
EN booboo_st_muser_sequence_generator NULL C:/Users/John/Documents/PHYS301_Xilinx/Lab9/Experiment3/sequence_generator.vhf sub00/vhpl40 1541524510
AR exp3 behavioral C:/Users/John/Documents/PHYS301_Xilinx/Lab9/Experiment3/exp3.vhf sub00/vhpl11 1541524497
EN clk_quarterhz_muser_sequence_generator NULL C:/Users/John/Documents/PHYS301_Xilinx/Lab9/Experiment3/sequence_generator.vhf sub00/vhpl28 1541524526
AR ranger_en behavioral C:/Users/John/Documents/PHYS301_Xilinx/Lab9/Experiment3/RANGER_EN.vhf sub00/vhpl57 1541524539
AR m2_1b1_mxilinx_sequence_generator behavioral C:/Users/John/Documents/PHYS301_Xilinx/Lab9/Experiment3/sequence_generator.vhf sub00/vhpl19 1541524517
EN booboo_st NULL C:/Users/John/Documents/PHYS301_Xilinx/Lab9/Experiment3/BOOBOO_ST.vhf sub00/vhpl46 1541524532
AR bin2bcd3en behavioral C:/Users/John/Documents/PHYS301_Xilinx/Lab9/Experiment3/bin2BCD3en.vhd sub00/vhpl05 1541524487
EN snaggle_tx_muser_sequence_generator NULL C:/Users/John/Documents/PHYS301_Xilinx/Lab9/Experiment3/sequence_generator.vhf sub00/vhpl50 1541524504
EN ftclex_mxilinx_sequence_generator NULL C:/Users/John/Documents/PHYS301_Xilinx/Lab9/Experiment3/sequence_generator.vhf sub00/vhpl22 1541524520
AR booboo_en_muser_sequence_generator behavioral C:/Users/John/Documents/PHYS301_Xilinx/Lab9/Experiment3/sequence_generator.vhf sub00/vhpl43 1541524513
AR dcm_50m behavioral "C:/Users/Chris/Documents/School/7th Year/Fall 2018/Phys301/Programs/Lab9/Experiment3/DCM_50M.vhd" sub00/vhpl07 1541473623
AR booboo_st behavioral C:/Users/John/Documents/PHYS301_Xilinx/Lab9/Experiment3/BOOBOO_ST.vhf sub00/vhpl47 1541524533
AR yogi_st behavioral C:/Users/John/Documents/PHYS301_Xilinx/Lab9/Experiment3/YOGI_ST.vhf sub00/vhpl39 1541524549
