EN dcm_50m NULL C:/Users/John/Documents/PHYS301_Xilinx/Lab6_Experiment5_Chris/Exp5/DCM_50M.vhd sub00/vhpl02 1539715200
EN sel_strobeb NULL C:/Users/John/Documents/PHYS301_Xilinx/Lab7/sel_strobeB.vhd sub00/vhpl06 1539715204
EN ssd_1dig NULL C:/Users/John/Documents/PHYS301_Xilinx/Lab7/SSD_1dig.vhd sub00/vhpl08 1539715206
MO NegativeEdgeTriggered_DFF NULL NegativeEdgeTriggered_DFF.vf vlg20/_negative_edge_triggered___d_f_f.bin 1539710923
MO shiftreg4_MUSER_experiment6 NULL experiment6.vf vlg09/shiftreg4___m_u_s_e_r__experiment6.bin 1539715200
AR mux4ssd behavioral C:/Users/John/Documents/PHYS301_Xilinx/Lab7/mux4SSD.vhd sub00/vhpl05 1539715203
EN bin2bcd3en NULL C:/Users/John/Documents/PHYS301_Xilinx/Lab7/bin2BCD3en.vhd sub00/vhpl00 1539712243
AR sel_strobeb behavioral C:/Users/John/Documents/PHYS301_Xilinx/Lab7/sel_strobeB.vhd sub00/vhpl07 1539715205
AR ssd_1dig behavioral C:/Users/John/Documents/PHYS301_Xilinx/Lab7/SSD_1dig.vhd sub00/vhpl09 1539715207
EN mux4ssd NULL C:/Users/John/Documents/PHYS301_Xilinx/Lab7/mux4SSD.vhd sub00/vhpl04 1539715202
AR bin2bcd3en behavioral C:/Users/John/Documents/PHYS301_Xilinx/Lab7/bin2BCD3en.vhd sub00/vhpl01 1539712244
AR dcm_50m behavioral C:/Users/John/Documents/PHYS301_Xilinx/Lab6_Experiment5_Chris/Exp5/DCM_50M.vhd sub00/vhpl03 1539715201
MO shiftreg4 NULL shiftreg4.vf vlg1C/shiftreg4.bin 1539715200
MO experiment6 NULL experiment6.vf vlg2B/experiment6.bin 1539715200
