V3 16
FL C:/Users/John/Documents/PHYS301_Xilinx/Lab6_Experiment5_Chris/Exp5/DCM_50M.vhd 2018/10/08.16:28:08 P.20131013
EN work/DCM_50M 1539715200 \
      FL C:/Users/John/Documents/PHYS301_Xilinx/Lab6_Experiment5_Chris/Exp5/DCM_50M.vhd \
      PB ieee/std_logic_1164 1381692176
AR work/DCM_50M/Behavioral 1539715201 \
      FL C:/Users/John/Documents/PHYS301_Xilinx/Lab6_Experiment5_Chris/Exp5/DCM_50M.vhd \
      EN work/DCM_50M 1539715200
FL C:/Users/John/Documents/PHYS301_Xilinx/Lab7/bin2BCD3en.vhd 2018/10/08.13:46:53 P.20131013
EN work/bin2BCD3en 1539712243 \
      FL C:/Users/John/Documents/PHYS301_Xilinx/Lab7/bin2BCD3en.vhd \
      PB ieee/std_logic_1164 1381692176 PB ieee/std_logic_arith 1381692177 \
      PB ieee/STD_LOGIC_UNSIGNED 1381692179 LB UNISIM PH unisim/VCOMPONENTS 1381692182
AR work/bin2BCD3en/Behavioral 1539712244 \
      FL C:/Users/John/Documents/PHYS301_Xilinx/Lab7/bin2BCD3en.vhd \
      EN work/bin2BCD3en 1539712243
FL C:/Users/John/Documents/PHYS301_Xilinx/Lab7/mux4SSD.vhd 2018/10/08.20:05:58 P.20131013
EN work/mux4SSD 1539715202 \
      FL C:/Users/John/Documents/PHYS301_Xilinx/Lab7/mux4SSD.vhd \
      PB ieee/std_logic_1164 1381692176 PB ieee/std_logic_arith 1381692177 \
      PB ieee/STD_LOGIC_UNSIGNED 1381692179
AR work/mux4SSD/Behavioral 1539715203 \
      FL C:/Users/John/Documents/PHYS301_Xilinx/Lab7/mux4SSD.vhd EN work/mux4SSD 1539715202
FL C:/Users/John/Documents/PHYS301_Xilinx/Lab7/sel_strobeB.vhd 2018/10/08.20:06:08 P.20131013
EN work/sel_strobeB 1539715204 \
      FL C:/Users/John/Documents/PHYS301_Xilinx/Lab7/sel_strobeB.vhd \
      PB ieee/std_logic_1164 1381692176 PB ieee/std_logic_arith 1381692177 \
      PB ieee/STD_LOGIC_UNSIGNED 1381692179
AR work/sel_strobeB/Behavioral 1539715205 \
      FL C:/Users/John/Documents/PHYS301_Xilinx/Lab7/sel_strobeB.vhd \
      EN work/sel_strobeB 1539715204
FL C:/Users/John/Documents/PHYS301_Xilinx/Lab7/SSD_1dig.vhd 2018/10/08.20:06:12 P.20131013
EN work/SSD_1dig 1539715206 \
      FL C:/Users/John/Documents/PHYS301_Xilinx/Lab7/SSD_1dig.vhd \
      PB ieee/std_logic_1164 1381692176 PB ieee/std_logic_arith 1381692177 \
      PB ieee/STD_LOGIC_UNSIGNED 1381692179
AR work/SSD_1dig/Behavioral 1539715207 \
      FL C:/Users/John/Documents/PHYS301_Xilinx/Lab7/SSD_1dig.vhd \
      EN work/SSD_1dig 1539715206
