EN dcm_50m NULL C:/Users/John/Documents/PHYS301_Xilinx/Lab9/Lab9Exp1/Lab9Exp1/DCM_50M.vhd sub00/vhpl04 1541525020
EN m2_1_mxilinx_lab9exp1 NULL C:/Users/John/Documents/PHYS301_Xilinx/Lab9/Lab9Exp1/Lab9Exp1/Lab9Exp1.vhf sub00/vhpl14 1541525030
AR lab9exp1 behavioral C:/Users/John/Documents/PHYS301_Xilinx/Lab9/Lab9Exp1/Lab9Exp1/Lab9Exp1.vhf sub00/vhpl27 1541525043
EN fsm_state_muser_lab9exp1 NULL C:/Users/John/Documents/PHYS301_Xilinx/Lab9/Lab9Exp1/Lab9Exp1/Lab9Exp1.vhf sub00/vhpl22 1541525038
EN lab9exp1 NULL C:/Users/John/Documents/PHYS301_Xilinx/Lab9/Lab9Exp1/Lab9Exp1/Lab9Exp1.vhf sub00/vhpl26 1541525042
EN fjkc_mxilinx_lab9exp1 NULL C:/Users/John/Documents/PHYS301_Xilinx/Lab9/Lab9Exp1/Lab9Exp1/Lab9Exp1.vhf sub00/vhpl10 1541525026
AR fjkc_mxilinx_lab9exp1 behavioral C:/Users/John/Documents/PHYS301_Xilinx/Lab9/Lab9Exp1/Lab9Exp1/Lab9Exp1.vhf sub00/vhpl11 1541525027
EN exp3 NULL C:/Users/John/Documents/PHYS301_Xilinx/Lab9/Lab9Exp1/Lab9Exp1/Exp3.vhf sub00/vhpl28 1541525044
EN m2_1b1_mxilinx_lab9exp1 NULL C:/Users/John/Documents/PHYS301_Xilinx/Lab9/Lab9Exp1/Lab9Exp1/Lab9Exp1.vhf sub00/vhpl12 1541525028
EN d2_4e_mxilinx_fsm_state NULL C:/Users/John/Documents/PHYS301_Xilinx/Lab9/Lab9Exp1/Lab9Exp1/FSM_state.vhf sub00/vhpl30 1541525046
EN ssd_1dig NULL C:/Users/John/Documents/PHYS301_Xilinx/Lab9/Lab9Exp1/Lab9Exp1/SSD_1dig.vhd sub00/vhpl02 1541525018
EN sel_strobeb NULL C:/Users/John/Documents/PHYS301_Xilinx/Lab9/Lab9Exp1/Lab9Exp1/sel_strobeB.vhd sub00/vhpl06 1541525022
AR m2_1_mxilinx_lab9exp1 behavioral C:/Users/John/Documents/PHYS301_Xilinx/Lab9/Lab9Exp1/Lab9Exp1/Lab9Exp1.vhf sub00/vhpl15 1541525031
AR fsm_state_muser_lab9exp1 behavioral C:/Users/John/Documents/PHYS301_Xilinx/Lab9/Lab9Exp1/Lab9Exp1/Lab9Exp1.vhf sub00/vhpl23 1541525039
AR mux4ssd behavioral C:/Users/John/Documents/PHYS301_Xilinx/Lab9/Lab9Exp1/Lab9Exp1/mux4SSD.vhd sub00/vhpl01 1541525017
AR ftclex_mxilinx_lab9exp1 behavioral C:/Users/John/Documents/PHYS301_Xilinx/Lab9/Lab9Exp1/Lab9Exp1/Lab9Exp1.vhf sub00/vhpl17 1541525033
AR m2_1b1_mxilinx_lab9exp1 behavioral C:/Users/John/Documents/PHYS301_Xilinx/Lab9/Lab9Exp1/Lab9Exp1/Lab9Exp1.vhf sub00/vhpl13 1541525029
AR cb4cled_mxilinx_lab9exp1 behavioral C:/Users/John/Documents/PHYS301_Xilinx/Lab9/Lab9Exp1/Lab9Exp1/Lab9Exp1.vhf sub00/vhpl19 1541525035
EN bin2bcd3en NULL C:/Users/John/Documents/PHYS301_Xilinx/Lab9/Lab9Exp1/Lab9Exp1/bin2BCD3en.vhd sub00/vhpl08 1541525024
EN d2_4e_mxilinx_lab9exp1 NULL C:/Users/John/Documents/PHYS301_Xilinx/Lab9/Lab9Exp1/Lab9Exp1/Lab9Exp1.vhf sub00/vhpl20 1541525036
AR ssd_1dig behavioral C:/Users/John/Documents/PHYS301_Xilinx/Lab9/Lab9Exp1/Lab9Exp1/SSD_1dig.vhd sub00/vhpl03 1541525019
AR sel_strobeb behavioral C:/Users/John/Documents/PHYS301_Xilinx/Lab9/Lab9Exp1/Lab9Exp1/sel_strobeB.vhd sub00/vhpl07 1541525023
EN mux4ssd NULL C:/Users/John/Documents/PHYS301_Xilinx/Lab9/Lab9Exp1/Lab9Exp1/mux4SSD.vhd sub00/vhpl00 1541525016
EN ftclex_mxilinx_lab9exp1 NULL C:/Users/John/Documents/PHYS301_Xilinx/Lab9/Lab9Exp1/Lab9Exp1/Lab9Exp1.vhf sub00/vhpl16 1541525032
AR exp3_muser_lab9exp1 behavioral C:/Users/John/Documents/PHYS301_Xilinx/Lab9/Lab9Exp1/Lab9Exp1/Lab9Exp1.vhf sub00/vhpl25 1541525041
AR d2_4e_mxilinx_lab9exp1 behavioral C:/Users/John/Documents/PHYS301_Xilinx/Lab9/Lab9Exp1/Lab9Exp1/Lab9Exp1.vhf sub00/vhpl21 1541525037
AR exp3 behavioral C:/Users/John/Documents/PHYS301_Xilinx/Lab9/Lab9Exp1/Lab9Exp1/Exp3.vhf sub00/vhpl29 1541525045
EN cb4cled_mxilinx_lab9exp1 NULL C:/Users/John/Documents/PHYS301_Xilinx/Lab9/Lab9Exp1/Lab9Exp1/Lab9Exp1.vhf sub00/vhpl18 1541525034
EN fsm_state NULL C:/Users/John/Documents/PHYS301_Xilinx/Lab9/Lab9Exp1/Lab9Exp1/FSM_state.vhf sub00/vhpl32 1541525048
AR d2_4e_mxilinx_fsm_state behavioral C:/Users/John/Documents/PHYS301_Xilinx/Lab9/Lab9Exp1/Lab9Exp1/FSM_state.vhf sub00/vhpl31 1541525047
AR bin2bcd3en behavioral C:/Users/John/Documents/PHYS301_Xilinx/Lab9/Lab9Exp1/Lab9Exp1/bin2BCD3en.vhd sub00/vhpl09 1541525025
EN exp3_muser_lab9exp1 NULL C:/Users/John/Documents/PHYS301_Xilinx/Lab9/Lab9Exp1/Lab9Exp1/Lab9Exp1.vhf sub00/vhpl24 1541525040
AR fsm_state behavioral C:/Users/John/Documents/PHYS301_Xilinx/Lab9/Lab9Exp1/Lab9Exp1/FSM_state.vhf sub00/vhpl33 1541525049
AR dcm_50m behavioral C:/Users/John/Documents/PHYS301_Xilinx/Lab9/Lab9Exp1/Lab9Exp1/DCM_50M.vhd sub00/vhpl05 1541525021
