AR dcm_100m behavioral "C:/Users/Chris/Documents/School/7th Year/Fall 2018/Phys301/Programs/Lab8/Exp3ModCounter/DCM_100M.vhd" sub00/vhpl11 1540316792
EN dcm_50m NULL "C:/Users/Chris/Documents/School/7th Year/Fall 2018/Phys301/Programs/Lab8/Exp3ModCounter/DCM_50M.vhd" sub00/vhpl04 1540316785
EN exp3 NULL "C:/Users/Chris/Documents/School/7th Year/Fall 2018/Phys301/Programs/Lab8/Exp3ModCounter/Exp3.vhf" sub00/vhpl18 1540316799
EN ssd_1dig NULL "C:/Users/Chris/Documents/School/7th Year/Fall 2018/Phys301/Programs/Lab8/Exp3ModCounter/SSD_1dig.vhd" sub00/vhpl02 1540316783
EN sel_strobeb NULL "C:/Users/Chris/Documents/School/7th Year/Fall 2018/Phys301/Programs/Lab8/Exp3ModCounter/sel_strobeB.vhd" sub00/vhpl06 1540316787
EN exp3modcounter NULL "C:/Users/Chris/Documents/School/7th Year/Fall 2018/Phys301/Programs/Lab8/Exp3ModCounter/Exp3ModCounter.vhf" sub00/vhpl16 1540316797
AR mux4ssd behavioral "C:/Users/Chris/Documents/School/7th Year/Fall 2018/Phys301/Programs/Lab8/Exp3ModCounter/mux4SSD.vhd" sub00/vhpl01 1540316782
EN dcm_100m NULL "C:/Users/Chris/Documents/School/7th Year/Fall 2018/Phys301/Programs/Lab8/Exp3ModCounter/DCM_100M.vhd" sub00/vhpl10 1540316791
EN bin2bcd3en NULL "C:/Users/Chris/Documents/School/7th Year/Fall 2018/Phys301/Programs/Lab8/Exp3ModCounter/bin2BCD3en.vhd" sub00/vhpl08 1540316789
AR exp3_muser_exp3modcounter behavioral "C:/Users/Chris/Documents/School/7th Year/Fall 2018/Phys301/Programs/Lab8/Exp3ModCounter/Exp3ModCounter.vhf" sub00/vhpl15 1540316796
AR ssd_1dig behavioral "C:/Users/Chris/Documents/School/7th Year/Fall 2018/Phys301/Programs/Lab8/Exp3ModCounter/SSD_1dig.vhd" sub00/vhpl03 1540316784
AR sel_strobeb behavioral "C:/Users/Chris/Documents/School/7th Year/Fall 2018/Phys301/Programs/Lab8/Exp3ModCounter/sel_strobeB.vhd" sub00/vhpl07 1540316788
EN mux4ssd NULL "C:/Users/Chris/Documents/School/7th Year/Fall 2018/Phys301/Programs/Lab8/Exp3ModCounter/mux4SSD.vhd" sub00/vhpl00 1540316781
EN exp3_muser_exp3modcounter NULL "C:/Users/Chris/Documents/School/7th Year/Fall 2018/Phys301/Programs/Lab8/Exp3ModCounter/Exp3ModCounter.vhf" sub00/vhpl14 1540316795
EN fjkc_mxilinx_exp3modcounter NULL "C:/Users/Chris/Documents/School/7th Year/Fall 2018/Phys301/Programs/Lab8/Exp3ModCounter/Exp3ModCounter.vhf" sub00/vhpl12 1540316793
AR fjkc_mxilinx_exp3modcounter behavioral "C:/Users/Chris/Documents/School/7th Year/Fall 2018/Phys301/Programs/Lab8/Exp3ModCounter/Exp3ModCounter.vhf" sub00/vhpl13 1540316794
AR exp3 behavioral "C:/Users/Chris/Documents/School/7th Year/Fall 2018/Phys301/Programs/Lab8/Exp3ModCounter/Exp3.vhf" sub00/vhpl19 1540316800
AR bin2bcd3en behavioral "C:/Users/Chris/Documents/School/7th Year/Fall 2018/Phys301/Programs/Lab8/Exp3ModCounter/bin2BCD3en.vhd" sub00/vhpl09 1540316790
AR exp3modcounter behavioral "C:/Users/Chris/Documents/School/7th Year/Fall 2018/Phys301/Programs/Lab8/Exp3ModCounter/Exp3ModCounter.vhf" sub00/vhpl17 1540316798
AR dcm_50m behavioral "C:/Users/Chris/Documents/School/7th Year/Fall 2018/Phys301/Programs/Lab8/Exp3ModCounter/DCM_50M.vhd" sub00/vhpl05 1540316786
