EN dcm_50m NULL C:/Users/John/Documents/PHYS301_Xilinx/Lab6_Ex4_Natt/DCM_50M.vhd sub00/vhpl02 1539054456
AR crenc4bin behavioral C:/Users/John/Documents/PHYS301_Xilinx/Lab6_Ex4_Natt/CRenc4bin.vhd sub00/vhpl01 1539054360
EN crenc4bin NULL C:/Users/John/Documents/PHYS301_Xilinx/Lab6_Ex4_Natt/CRenc4bin.vhd sub00/vhpl00 1539054359
AR dcm_50m behavioral C:/Users/John/Documents/PHYS301_Xilinx/Lab6_Ex4_Natt/DCM_50M.vhd sub00/vhpl03 1539054457
