EN snaggle_rx_muser_basicmachine NULL "C:/Users/Chris/Documents/School/7th Year/Fall 2018/Phys301/Programs/Lab9/Lab9Exp4BasicMachine/basicMachine.vhf" sub00/vhpl22 1541915073
AR dcm_100m behavioral "C:/Users/Chris/Documents/School/7th Year/Fall 2018/Phys301/Programs/Lab9/finished/Lab9Exp5ALU/DCM_100M.vhd" sub00/vhpl01 1542056128
AR m2_1_mxilinx_basicmachine behavioral "C:/Users/Chris/Documents/School/7th Year/Fall 2018/Phys301/Programs/Lab9/Lab9Exp4BasicMachine/basicMachine.vhf" sub00/vhpl35 1541915086
EN m2_1b1_mxilinx_basicmachine NULL "C:/Users/Chris/Documents/School/7th Year/Fall 2018/Phys301/Programs/Lab9/Lab9Exp4BasicMachine/basicMachine.vhf" sub00/vhpl32 1541915083
AR snaggle_tx behavioral "C:/Users/Chris/Documents/School/7th Year/Fall 2018/Phys301/Programs/Lab9/Lab9Exp4BasicMachine/snaggle_tx.vhf" sub00/vhpl57 1541915108
AR twoscomp behavioral "C:/Users/Chris/Documents/School/7th Year/Fall 2018/Phys301/Programs/Lab9/finished/Lab9Exp5ALU/twosComp.vhf" sub01/vhpl109 1542056178
AR cb4cled_mxilinx_lab9exp5alu behavioral "C:/Users/Chris/Documents/School/7th Year/Fall 2018/Phys301/Programs/Lab9/finished/Lab9Exp5ALU/Lab9Exp5ALU.vhf" sub00/vhpl93 1542056158
AR sseg_mux4d behavioral "C:/Users/Chris/Documents/School/7th Year/Fall 2018/Phys301/Programs/Lab9/finished/Lab9Exp5ALU/sseg_mux4D.vhd" sub00/vhpl63 1542056126
AR divby2clkhz behavioral "C:/Users/Chris/Documents/School/7th Year/Fall 2018/Phys301/Programs/Lab9/finished/Lab9Exp5ALU/DivBy2ClkHz.vhf" sub00/vhpl49 1542056164
EN ssd2x2hex NULL "C:/Users/Chris/Documents/School/7th Year/Fall 2018/Phys301/Programs/Lab9/finished/Lab9Exp5ALU/Ssd2x2Hex.vhf" sub01/vhpl104 1542056173
AR fjkc_mxilinx_basicmachine behavioral "C:/Users/Chris/Documents/School/7th Year/Fall 2018/Phys301/Programs/Lab9/Lab9Exp4BasicMachine/basicMachine.vhf" sub00/vhpl29 1541915080
EN mux4x1_muser_lab9exp5alu NULL "C:/Users/Chris/Documents/School/7th Year/Fall 2018/Phys301/Programs/Lab9/finished/Lab9Exp5ALU/Lab9Exp5ALU.vhf" sub00/vhpl66 1542056131
AR divby2clkhz_muser_lab9exp5alu behavioral "C:/Users/Chris/Documents/School/7th Year/Fall 2018/Phys301/Programs/Lab9/finished/Lab9Exp5ALU/Lab9Exp5ALU.vhf" sub00/vhpl85 1542056150
EN sseg_mux4d NULL "C:/Users/Chris/Documents/School/7th Year/Fall 2018/Phys301/Programs/Lab9/finished/Lab9Exp5ALU/sseg_mux4D.vhd" sub00/vhpl62 1542056125
EN ssd_1dig NULL "C:/Users/Chris/Documents/School/7th Year/Fall 2018/Phys301/Programs/Lab9/Lab9Exp4BasicMachine/SSD_1dig.vhd" sub00/vhpl04 1541915055
EN sel_strobeb NULL "C:/Users/Chris/Documents/School/7th Year/Fall 2018/Phys301/Programs/Lab9/Lab9Exp4BasicMachine/sel_strobeB.vhd" sub00/vhpl06 1541915057
AR adsu8_mxilinx_lab9exp5alu behavioral "C:/Users/Chris/Documents/School/7th Year/Fall 2018/Phys301/Programs/Lab9/finished/Lab9Exp5ALU/Lab9Exp5ALU.vhf" sub00/vhpl71 1542056136
EN m2_1_mxilinx_basicmachine NULL "C:/Users/Chris/Documents/School/7th Year/Fall 2018/Phys301/Programs/Lab9/Lab9Exp4BasicMachine/basicMachine.vhf" sub00/vhpl34 1541915085
AR snaggle_tx_muser_basicmachine behavioral "C:/Users/Chris/Documents/School/7th Year/Fall 2018/Phys301/Programs/Lab9/Lab9Exp4BasicMachine/basicMachine.vhf" sub00/vhpl25 1541915076
EN mux2x1_muser_mux4x1 NULL "C:/Users/Chris/Documents/School/7th Year/Fall 2018/Phys301/Programs/Lab9/finished/Lab9Exp5ALU/Mux4x1.vhf" sub01/vhpl110 1542056179
EN ranger_en_muser_basicmachine NULL "C:/Users/Chris/Documents/School/7th Year/Fall 2018/Phys301/Programs/Lab9/Lab9Exp4BasicMachine/basicMachine.vhf" sub00/vhpl14 1541915065
AR fjkc_mxilinx_lab9exp5alu behavioral "C:/Users/Chris/Documents/School/7th Year/Fall 2018/Phys301/Programs/Lab9/finished/Lab9Exp5ALU/Lab9Exp5ALU.vhf" sub00/vhpl83 1542056148
AR ssd2x2hex behavioral "C:/Users/Chris/Documents/School/7th Year/Fall 2018/Phys301/Programs/Lab9/finished/Lab9Exp5ALU/Ssd2x2Hex.vhf" sub01/vhpl105 1542056174
EN fjkc_mxilinx_basicmachine NULL "C:/Users/Chris/Documents/School/7th Year/Fall 2018/Phys301/Programs/Lab9/Lab9Exp4BasicMachine/basicMachine.vhf" sub00/vhpl28 1541915079
AR m2_1b1_mxilinx_basicmachine behavioral "C:/Users/Chris/Documents/School/7th Year/Fall 2018/Phys301/Programs/Lab9/Lab9Exp4BasicMachine/basicMachine.vhf" sub00/vhpl33 1541915084
EN fd8ce_mxilinx_lab9exp5alu NULL "C:/Users/Chris/Documents/School/7th Year/Fall 2018/Phys301/Programs/Lab9/finished/Lab9Exp5ALU/Lab9Exp5ALU.vhf" sub00/vhpl72 1542056137
AR mux4ssd behavioral "C:/Users/Chris/Documents/School/7th Year/Fall 2018/Phys301/Programs/Lab9/Lab9Exp4BasicMachine/mux4SSD.vhd" sub00/vhpl09 1541915060
AR ranger_en_muser_basicmachine behavioral "C:/Users/Chris/Documents/School/7th Year/Fall 2018/Phys301/Programs/Lab9/Lab9Exp4BasicMachine/basicMachine.vhf" sub00/vhpl15 1541915066
AR booboo_en_muser_basicmachine behavioral "C:/Users/Chris/Documents/School/7th Year/Fall 2018/Phys301/Programs/Lab9/Lab9Exp4BasicMachine/basicMachine.vhf" sub00/vhpl11 1541915062
EN twoscomp_muser_lab9exp5alu NULL "C:/Users/Chris/Documents/School/7th Year/Fall 2018/Phys301/Programs/Lab9/finished/Lab9Exp5ALU/Lab9Exp5ALU.vhf" sub00/vhpl76 1542056141
EN yogi_et NULL "C:/Users/Chris/Documents/School/7th Year/Fall 2018/Phys301/Programs/Lab9/Lab9Exp4BasicMachine/yogi_et.vhf" sub00/vhpl58 1541915109
EN mux2x1 NULL "C:/Users/Chris/Documents/School/7th Year/Fall 2018/Phys301/Programs/Lab9/finished/Lab9Exp5ALU/Mux2x1.vhf" sub01/vhpl114 1542056183
EN ranger_en NULL "C:/Users/Chris/Documents/School/7th Year/Fall 2018/Phys301/Programs/Lab9/Lab9Exp4BasicMachine/ranger_en.vhf" sub00/vhpl50 1541915101
AR yogi_et behavioral "C:/Users/Chris/Documents/School/7th Year/Fall 2018/Phys301/Programs/Lab9/Lab9Exp4BasicMachine/yogi_et.vhf" sub00/vhpl59 1541915110
AR mux2x1 behavioral "C:/Users/Chris/Documents/School/7th Year/Fall 2018/Phys301/Programs/Lab9/finished/Lab9Exp5ALU/Mux2x1.vhf" sub01/vhpl115 1542056184
EN mux2x1_muser_mux2x8b NULL "C:/Users/Chris/Documents/School/7th Year/Fall 2018/Phys301/Programs/Lab9/finished/Lab9Exp5ALU/Mux2x8b.vhf" sub00/vhpl96 1542056165
EN ftclex_mxilinx_lab9exp5alu NULL "C:/Users/Chris/Documents/School/7th Year/Fall 2018/Phys301/Programs/Lab9/finished/Lab9Exp5ALU/Lab9Exp5ALU.vhf" sub00/vhpl90 1542056155
EN d4_16e_mxilinx_lab9exp5alu NULL "C:/Users/Chris/Documents/School/7th Year/Fall 2018/Phys301/Programs/Lab9/finished/Lab9Exp5ALU/Lab9Exp5ALU.vhf" sub00/vhpl80 1542056145
EN snaggle_tx_muser_basicmachine NULL "C:/Users/Chris/Documents/School/7th Year/Fall 2018/Phys301/Programs/Lab9/Lab9Exp4BasicMachine/basicMachine.vhf" sub00/vhpl24 1541915075
AR mux2x1_muser_mux2x8b behavioral "C:/Users/Chris/Documents/School/7th Year/Fall 2018/Phys301/Programs/Lab9/finished/Lab9Exp5ALU/Mux2x8b.vhf" sub00/vhpl97 1542056166
AR mux4x1_muser_lab9exp5alu behavioral "C:/Users/Chris/Documents/School/7th Year/Fall 2018/Phys301/Programs/Lab9/finished/Lab9Exp5ALU/Lab9Exp5ALU.vhf" sub00/vhpl67 1542056132
AR cb4cled_mxilinx_basicmachine behavioral "C:/Users/Chris/Documents/School/7th Year/Fall 2018/Phys301/Programs/Lab9/Lab9Exp4BasicMachine/basicMachine.vhf" sub00/vhpl39 1541915090
AR divby2clkhz_muser_basicmachine behavioral "C:/Users/Chris/Documents/School/7th Year/Fall 2018/Phys301/Programs/Lab9/Lab9Exp4BasicMachine/basicMachine.vhf" sub00/vhpl31 1541915082
AR ftclex_mxilinx_lab9exp5alu behavioral "C:/Users/Chris/Documents/School/7th Year/Fall 2018/Phys301/Programs/Lab9/finished/Lab9Exp5ALU/Lab9Exp5ALU.vhf" sub00/vhpl91 1542056156
EN mux2x8b NULL "C:/Users/Chris/Documents/School/7th Year/Fall 2018/Phys301/Programs/Lab9/finished/Lab9Exp5ALU/Mux2x8b.vhf" sub00/vhpl98 1542056167
AR snaggle_rx behavioral "C:/Users/Chris/Documents/School/7th Year/Fall 2018/Phys301/Programs/Lab9/Lab9Exp4BasicMachine/snaggle_rx.vhf" sub00/vhpl55 1541915106
AR m2_1b1_mxilinx_lab9exp5alu behavioral "C:/Users/Chris/Documents/School/7th Year/Fall 2018/Phys301/Programs/Lab9/finished/Lab9Exp5ALU/Lab9Exp5ALU.vhf" sub00/vhpl87 1542056152
EN cb4cled_mxilinx_basicmachine NULL "C:/Users/Chris/Documents/School/7th Year/Fall 2018/Phys301/Programs/Lab9/Lab9Exp4BasicMachine/basicMachine.vhf" sub00/vhpl38 1541915089
AR mux2x1_muser_mux4x1 behavioral "C:/Users/Chris/Documents/School/7th Year/Fall 2018/Phys301/Programs/Lab9/finished/Lab9Exp5ALU/Mux4x1.vhf" sub01/vhpl111 1542056180
AR ssd2x2hex_muser_lab9exp5alu behavioral "C:/Users/Chris/Documents/School/7th Year/Fall 2018/Phys301/Programs/Lab9/finished/Lab9Exp5ALU/Lab9Exp5ALU.vhf" sub00/vhpl69 1542056134
EN cb4cled_mxilinx_lab9exp5alu NULL "C:/Users/Chris/Documents/School/7th Year/Fall 2018/Phys301/Programs/Lab9/finished/Lab9Exp5ALU/Lab9Exp5ALU.vhf" sub00/vhpl92 1542056157
EN m2_1_mxilinx_lab9exp5alu NULL "C:/Users/Chris/Documents/School/7th Year/Fall 2018/Phys301/Programs/Lab9/finished/Lab9Exp5ALU/Lab9Exp5ALU.vhf" sub00/vhpl88 1542056153
EN fjkc_mxilinx_lab9exp5alu NULL "C:/Users/Chris/Documents/School/7th Year/Fall 2018/Phys301/Programs/Lab9/finished/Lab9Exp5ALU/Lab9Exp5ALU.vhf" sub00/vhpl82 1542056147
EN booboo_en NULL "C:/Users/Chris/Documents/School/7th Year/Fall 2018/Phys301/Programs/Lab9/Lab9Exp4BasicMachine/booboo_en.vhf" sub00/vhpl42 1541915093
AR ranger_rd behavioral "C:/Users/Chris/Documents/School/7th Year/Fall 2018/Phys301/Programs/Lab9/Lab9Exp4BasicMachine/ranger_rd.vhf" sub00/vhpl53 1541915104
EN dcm_100m NULL "C:/Users/Chris/Documents/School/7th Year/Fall 2018/Phys301/Programs/Lab9/finished/Lab9Exp5ALU/DCM_100M.vhd" sub00/vhpl00 1542056127
EN yogi_st_muser_basicmachine NULL "C:/Users/Chris/Documents/School/7th Year/Fall 2018/Phys301/Programs/Lab9/Lab9Exp4BasicMachine/basicMachine.vhf" sub00/vhpl20 1541915071
EN add8_mxilinx_lab9exp5alu NULL "C:/Users/Chris/Documents/School/7th Year/Fall 2018/Phys301/Programs/Lab9/finished/Lab9Exp5ALU/Lab9Exp5ALU.vhf" sub00/vhpl74 1542056139
AR mux2x8b behavioral "C:/Users/Chris/Documents/School/7th Year/Fall 2018/Phys301/Programs/Lab9/finished/Lab9Exp5ALU/Mux2x8b.vhf" sub00/vhpl99 1542056168
AR add8_mxilinx_twoscomp behavioral "C:/Users/Chris/Documents/School/7th Year/Fall 2018/Phys301/Programs/Lab9/finished/Lab9Exp5ALU/twosComp.vhf" sub01/vhpl107 1542056176
EN bin2bcd3en NULL "C:/Users/Chris/Documents/School/7th Year/Fall 2018/Phys301/Programs/Lab9/Lab9Exp4BasicMachine/bin2BCD3en.vhd" sub00/vhpl02 1541915053
EN fjkc_mxilinx_divby2clkhz NULL "C:/Users/Chris/Documents/School/7th Year/Fall 2018/Phys301/Programs/Lab9/finished/Lab9Exp5ALU/DivBy2ClkHz.vhf" sub00/vhpl46 1542056161
EN divby2clkhz_muser_lab9exp5alu NULL "C:/Users/Chris/Documents/School/7th Year/Fall 2018/Phys301/Programs/Lab9/finished/Lab9Exp5ALU/Lab9Exp5ALU.vhf" sub00/vhpl84 1542056149
AR booboo_en behavioral "C:/Users/Chris/Documents/School/7th Year/Fall 2018/Phys301/Programs/Lab9/Lab9Exp4BasicMachine/booboo_en.vhf" sub00/vhpl43 1541915094
AR ssd_1dig behavioral "C:/Users/Chris/Documents/School/7th Year/Fall 2018/Phys301/Programs/Lab9/Lab9Exp4BasicMachine/SSD_1dig.vhd" sub00/vhpl05 1541915056
AR sel_strobeb behavioral "C:/Users/Chris/Documents/School/7th Year/Fall 2018/Phys301/Programs/Lab9/Lab9Exp4BasicMachine/sel_strobeB.vhd" sub00/vhpl07 1541915058
EN snaggle_rx NULL "C:/Users/Chris/Documents/School/7th Year/Fall 2018/Phys301/Programs/Lab9/Lab9Exp4BasicMachine/snaggle_rx.vhf" sub00/vhpl54 1541915105
EN basicmachine NULL "C:/Users/Chris/Documents/School/7th Year/Fall 2018/Phys301/Programs/Lab9/Lab9Exp4BasicMachine/basicMachine.vhf" sub00/vhpl40 1541915091
AR twoscomp_muser_lab9exp5alu behavioral "C:/Users/Chris/Documents/School/7th Year/Fall 2018/Phys301/Programs/Lab9/finished/Lab9Exp5ALU/Lab9Exp5ALU.vhf" sub00/vhpl77 1542056142
AR lab9exp5alu behavioral "C:/Users/Chris/Documents/School/7th Year/Fall 2018/Phys301/Programs/Lab9/finished/Lab9Exp5ALU/Lab9Exp5ALU.vhf" sub00/vhpl95 1542056160
EN mux4ssd NULL "C:/Users/Chris/Documents/School/7th Year/Fall 2018/Phys301/Programs/Lab9/Lab9Exp4BasicMachine/mux4SSD.vhd" sub00/vhpl08 1541915059
AR mux4x1_muser_ssd2x2hex behavioral "C:/Users/Chris/Documents/School/7th Year/Fall 2018/Phys301/Programs/Lab9/finished/Lab9Exp5ALU/Ssd2x2Hex.vhf" sub01/vhpl103 1542056172
AR ranger_rd_muser_basicmachine behavioral "C:/Users/Chris/Documents/School/7th Year/Fall 2018/Phys301/Programs/Lab9/Lab9Exp4BasicMachine/basicMachine.vhf" sub00/vhpl17 1541915068
EN mux2x8b_muser_lab9exp5alu NULL "C:/Users/Chris/Documents/School/7th Year/Fall 2018/Phys301/Programs/Lab9/finished/Lab9Exp5ALU/Lab9Exp5ALU.vhf" sub00/vhpl78 1542056143
EN mux4x1 NULL "C:/Users/Chris/Documents/School/7th Year/Fall 2018/Phys301/Programs/Lab9/finished/Lab9Exp5ALU/Mux4x1.vhf" sub01/vhpl112 1542056181
EN snaggle_tx NULL "C:/Users/Chris/Documents/School/7th Year/Fall 2018/Phys301/Programs/Lab9/Lab9Exp4BasicMachine/snaggle_tx.vhf" sub00/vhpl56 1541915107
EN twoscomp NULL "C:/Users/Chris/Documents/School/7th Year/Fall 2018/Phys301/Programs/Lab9/finished/Lab9Exp5ALU/twosComp.vhf" sub01/vhpl108 1542056177
EN ranger_rd NULL "C:/Users/Chris/Documents/School/7th Year/Fall 2018/Phys301/Programs/Lab9/Lab9Exp4BasicMachine/ranger_rd.vhf" sub00/vhpl52 1541915103
AR yogi_et_muser_basicmachine behavioral "C:/Users/Chris/Documents/School/7th Year/Fall 2018/Phys301/Programs/Lab9/Lab9Exp4BasicMachine/basicMachine.vhf" sub00/vhpl19 1541915070
EN booboo_st_muser_basicmachine NULL "C:/Users/Chris/Documents/School/7th Year/Fall 2018/Phys301/Programs/Lab9/Lab9Exp4BasicMachine/basicMachine.vhf" sub00/vhpl12 1541915063
EN mux4x1_muser_ssd2x2hex NULL "C:/Users/Chris/Documents/School/7th Year/Fall 2018/Phys301/Programs/Lab9/finished/Lab9Exp5ALU/Ssd2x2Hex.vhf" sub01/vhpl102 1542056171
AR mux4x1 behavioral "C:/Users/Chris/Documents/School/7th Year/Fall 2018/Phys301/Programs/Lab9/finished/Lab9Exp5ALU/Mux4x1.vhf" sub01/vhpl113 1542056182
EN ranger_rd_muser_basicmachine NULL "C:/Users/Chris/Documents/School/7th Year/Fall 2018/Phys301/Programs/Lab9/Lab9Exp4BasicMachine/basicMachine.vhf" sub00/vhpl16 1541915067
EN yogi_st NULL "C:/Users/Chris/Documents/School/7th Year/Fall 2018/Phys301/Programs/Lab9/Lab9Exp4BasicMachine/yogi_st.vhf" sub00/vhpl60 1541915111
EN ftclex_mxilinx_basicmachine NULL "C:/Users/Chris/Documents/School/7th Year/Fall 2018/Phys301/Programs/Lab9/Lab9Exp4BasicMachine/basicMachine.vhf" sub00/vhpl36 1541915087
AR d4_16e_mxilinx_lab9exp5alu behavioral "C:/Users/Chris/Documents/School/7th Year/Fall 2018/Phys301/Programs/Lab9/finished/Lab9Exp5ALU/Lab9Exp5ALU.vhf" sub00/vhpl81 1542056146
EN booboo_en_muser_basicmachine NULL "C:/Users/Chris/Documents/School/7th Year/Fall 2018/Phys301/Programs/Lab9/Lab9Exp4BasicMachine/basicMachine.vhf" sub00/vhpl10 1541915061
EN ssd2x2hex_muser_lab9exp5alu NULL "C:/Users/Chris/Documents/School/7th Year/Fall 2018/Phys301/Programs/Lab9/finished/Lab9Exp5ALU/Lab9Exp5ALU.vhf" sub00/vhpl68 1542056133
AR fjkc_mxilinx_divby2clkhz behavioral "C:/Users/Chris/Documents/School/7th Year/Fall 2018/Phys301/Programs/Lab9/finished/Lab9Exp5ALU/DivBy2ClkHz.vhf" sub00/vhpl47 1542056162
AR yogi_st_muser_basicmachine behavioral "C:/Users/Chris/Documents/School/7th Year/Fall 2018/Phys301/Programs/Lab9/Lab9Exp4BasicMachine/basicMachine.vhf" sub00/vhpl21 1541915072
EN mux2x1_muser_lab9exp5alu NULL "C:/Users/Chris/Documents/School/7th Year/Fall 2018/Phys301/Programs/Lab9/finished/Lab9Exp5ALU/Lab9Exp5ALU.vhf" sub00/vhpl64 1542056129
AR snaggle_rx_muser_basicmachine behavioral "C:/Users/Chris/Documents/School/7th Year/Fall 2018/Phys301/Programs/Lab9/Lab9Exp4BasicMachine/basicMachine.vhf" sub00/vhpl23 1541915074
AR mux2x1_muser_ssd2x2hex behavioral "C:/Users/Chris/Documents/School/7th Year/Fall 2018/Phys301/Programs/Lab9/finished/Lab9Exp5ALU/Ssd2x2Hex.vhf" sub01/vhpl101 1542056170
AR ranger_en behavioral "C:/Users/Chris/Documents/School/7th Year/Fall 2018/Phys301/Programs/Lab9/Lab9Exp4BasicMachine/ranger_en.vhf" sub00/vhpl51 1541915102
EN add8_mxilinx_twoscomp NULL "C:/Users/Chris/Documents/School/7th Year/Fall 2018/Phys301/Programs/Lab9/finished/Lab9Exp5ALU/twosComp.vhf" sub01/vhpl106 1542056175
AR booboo_st_muser_basicmachine behavioral "C:/Users/Chris/Documents/School/7th Year/Fall 2018/Phys301/Programs/Lab9/Lab9Exp4BasicMachine/basicMachine.vhf" sub00/vhpl13 1541915064
EN adsu8_mxilinx_lab9exp5alu NULL "C:/Users/Chris/Documents/School/7th Year/Fall 2018/Phys301/Programs/Lab9/finished/Lab9Exp5ALU/Lab9Exp5ALU.vhf" sub00/vhpl70 1542056135
EN booboo_st NULL "C:/Users/Chris/Documents/School/7th Year/Fall 2018/Phys301/Programs/Lab9/Lab9Exp4BasicMachine/booboo_st.vhf" sub00/vhpl44 1541915095
AR basicmachine behavioral "C:/Users/Chris/Documents/School/7th Year/Fall 2018/Phys301/Programs/Lab9/Lab9Exp4BasicMachine/basicMachine.vhf" sub00/vhpl41 1541915092
AR m2_1_mxilinx_lab9exp5alu behavioral "C:/Users/Chris/Documents/School/7th Year/Fall 2018/Phys301/Programs/Lab9/finished/Lab9Exp5ALU/Lab9Exp5ALU.vhf" sub00/vhpl89 1542056154
AR bin2bcd3en behavioral "C:/Users/Chris/Documents/School/7th Year/Fall 2018/Phys301/Programs/Lab9/Lab9Exp4BasicMachine/bin2BCD3en.vhd" sub00/vhpl03 1541915054
AR d4_16e_mxilinx_basicmachine behavioral "C:/Users/Chris/Documents/School/7th Year/Fall 2018/Phys301/Programs/Lab9/Lab9Exp4BasicMachine/basicMachine.vhf" sub00/vhpl27 1541915078
EN divby2clkhz_muser_basicmachine NULL "C:/Users/Chris/Documents/School/7th Year/Fall 2018/Phys301/Programs/Lab9/Lab9Exp4BasicMachine/basicMachine.vhf" sub00/vhpl30 1541915081
AR ftclex_mxilinx_basicmachine behavioral "C:/Users/Chris/Documents/School/7th Year/Fall 2018/Phys301/Programs/Lab9/Lab9Exp4BasicMachine/basicMachine.vhf" sub00/vhpl37 1541915088
AR fd8ce_mxilinx_lab9exp5alu behavioral "C:/Users/Chris/Documents/School/7th Year/Fall 2018/Phys301/Programs/Lab9/finished/Lab9Exp5ALU/Lab9Exp5ALU.vhf" sub00/vhpl73 1542056138
AR mux2x8b_muser_lab9exp5alu behavioral "C:/Users/Chris/Documents/School/7th Year/Fall 2018/Phys301/Programs/Lab9/finished/Lab9Exp5ALU/Lab9Exp5ALU.vhf" sub00/vhpl79 1542056144
EN lab9exp5alu NULL "C:/Users/Chris/Documents/School/7th Year/Fall 2018/Phys301/Programs/Lab9/finished/Lab9Exp5ALU/Lab9Exp5ALU.vhf" sub00/vhpl94 1542056159
EN m2_1b1_mxilinx_lab9exp5alu NULL "C:/Users/Chris/Documents/School/7th Year/Fall 2018/Phys301/Programs/Lab9/finished/Lab9Exp5ALU/Lab9Exp5ALU.vhf" sub00/vhpl86 1542056151
EN mux2x1_muser_ssd2x2hex NULL "C:/Users/Chris/Documents/School/7th Year/Fall 2018/Phys301/Programs/Lab9/finished/Lab9Exp5ALU/Ssd2x2Hex.vhf" sub01/vhpl100 1542056169
EN yogi_et_muser_basicmachine NULL "C:/Users/Chris/Documents/School/7th Year/Fall 2018/Phys301/Programs/Lab9/Lab9Exp4BasicMachine/basicMachine.vhf" sub00/vhpl18 1541915069
EN d4_16e_mxilinx_basicmachine NULL "C:/Users/Chris/Documents/School/7th Year/Fall 2018/Phys301/Programs/Lab9/Lab9Exp4BasicMachine/basicMachine.vhf" sub00/vhpl26 1541915077
AR booboo_st behavioral "C:/Users/Chris/Documents/School/7th Year/Fall 2018/Phys301/Programs/Lab9/Lab9Exp4BasicMachine/booboo_st.vhf" sub00/vhpl45 1541915096
AR add8_mxilinx_lab9exp5alu behavioral "C:/Users/Chris/Documents/School/7th Year/Fall 2018/Phys301/Programs/Lab9/finished/Lab9Exp5ALU/Lab9Exp5ALU.vhf" sub00/vhpl75 1542056140
EN divby2clkhz NULL "C:/Users/Chris/Documents/School/7th Year/Fall 2018/Phys301/Programs/Lab9/finished/Lab9Exp5ALU/DivBy2ClkHz.vhf" sub00/vhpl48 1542056163
AR mux2x1_muser_lab9exp5alu behavioral "C:/Users/Chris/Documents/School/7th Year/Fall 2018/Phys301/Programs/Lab9/finished/Lab9Exp5ALU/Lab9Exp5ALU.vhf" sub00/vhpl65 1542056130
AR yogi_st behavioral "C:/Users/Chris/Documents/School/7th Year/Fall 2018/Phys301/Programs/Lab9/Lab9Exp4BasicMachine/yogi_st.vhf" sub00/vhpl61 1541915112
