EN dcm_50m NULL C:/Users/John/Documents/PHYS301_Xilinx/Lab6_Experiment5_Chris/Exp5/DCM_50M.vhd sub00/vhpl04 1539104563
AR eightbitmux behavioral C:/Users/John/Documents/PHYS301_Xilinx/Lab6_Experiment5_Chris/Exp5/EightBitMux.vhf sub00/vhpl19 1539104578
EN exp5 NULL C:/Users/John/Documents/PHYS301_Xilinx/Lab6_Experiment5_Chris/Exp5/Exp5.vhf sub00/vhpl14 1539104573
EN ssd_1dig NULL C:/Users/John/Documents/PHYS301_Xilinx/Lab6_Experiment5_Chris/Exp5/SSD_1dig.vhd sub00/vhpl02 1539104561
EN sel_strobeb NULL C:/Users/John/Documents/PHYS301_Xilinx/Lab6_Experiment5_Chris/Exp5/sel_strobeB.vhd sub00/vhpl06 1539104565
AR onebitmux_muser_eightbitmux behavioral C:/Users/John/Documents/PHYS301_Xilinx/Lab6_Experiment5_Chris/Exp5/EightBitMux.vhf sub00/vhpl17 1539104576
AR mux4ssd behavioral C:/Users/John/Documents/PHYS301_Xilinx/Lab6_Experiment5_Chris/Exp5/mux4SSD.vhd sub00/vhpl01 1539104560
EN onebitmux_muser_eightbitmux NULL C:/Users/John/Documents/PHYS301_Xilinx/Lab6_Experiment5_Chris/Exp5/EightBitMux.vhf sub00/vhpl16 1539104575
AR eightbitmux_muser_exp5 behavioral C:/Users/John/Documents/PHYS301_Xilinx/Lab6_Experiment5_Chris/Exp5/Exp5.vhf sub00/vhpl13 1539104572
EN bin2bcd3en NULL C:/Users/John/Documents/PHYS301_Xilinx/Lab6_Experiment5_Chris/Exp5/bin2BCD3en.vhd sub00/vhpl08 1539104567
AR ssd_1dig behavioral C:/Users/John/Documents/PHYS301_Xilinx/Lab6_Experiment5_Chris/Exp5/SSD_1dig.vhd sub00/vhpl03 1539104562
AR sel_strobeb behavioral C:/Users/John/Documents/PHYS301_Xilinx/Lab6_Experiment5_Chris/Exp5/sel_strobeB.vhd sub00/vhpl07 1539104566
EN mux4ssd NULL C:/Users/John/Documents/PHYS301_Xilinx/Lab6_Experiment5_Chris/Exp5/mux4SSD.vhd sub00/vhpl00 1539104559
AR exp5 behavioral C:/Users/John/Documents/PHYS301_Xilinx/Lab6_Experiment5_Chris/Exp5/Exp5.vhf sub00/vhpl15 1539104574
EN onebitmux NULL C:/Users/John/Documents/PHYS301_Xilinx/Lab6_Experiment5_Chris/Exp5/OneBitMux.vhf sub00/vhpl20 1539104579
AR onebitmux_muser_exp5 behavioral C:/Users/John/Documents/PHYS301_Xilinx/Lab6_Experiment5_Chris/Exp5/Exp5.vhf sub00/vhpl11 1539104570
AR bin2bcd3en behavioral C:/Users/John/Documents/PHYS301_Xilinx/Lab6_Experiment5_Chris/Exp5/bin2BCD3en.vhd sub00/vhpl09 1539104568
EN onebitmux_muser_exp5 NULL C:/Users/John/Documents/PHYS301_Xilinx/Lab6_Experiment5_Chris/Exp5/Exp5.vhf sub00/vhpl10 1539104569
AR dcm_50m behavioral C:/Users/John/Documents/PHYS301_Xilinx/Lab6_Experiment5_Chris/Exp5/DCM_50M.vhd sub00/vhpl05 1539104564
EN eightbitmux_muser_exp5 NULL C:/Users/John/Documents/PHYS301_Xilinx/Lab6_Experiment5_Chris/Exp5/Exp5.vhf sub00/vhpl12 1539104571
EN eightbitmux NULL C:/Users/John/Documents/PHYS301_Xilinx/Lab6_Experiment5_Chris/Exp5/EightBitMux.vhf sub00/vhpl18 1539104577
AR onebitmux behavioral C:/Users/John/Documents/PHYS301_Xilinx/Lab6_Experiment5_Chris/Exp5/OneBitMux.vhf sub00/vhpl21 1539104580
