V3 6
FL C:/Users/John/Dropbox/PHYS301_Schematics/example1/example1.vhf 2018/09/20.10:25:29 P.20131013
EN work/example1 1537464339 \
      FL C:/Users/John/Dropbox/PHYS301_Schematics/example1/example1.vhf \
      PB ieee/std_logic_1164 1381692176 PB ieee/NUMERIC_STD 1381692181 LB UNISIM \
      PH unisim/VCOMPONENTS 1381692182
AR work/example1/BEHAVIORAL 1537464340 \
      FL C:/Users/John/Dropbox/PHYS301_Schematics/example1/example1.vhf \
      EN work/example1 1537464339 CP NAND2 CP OR2
