AR divclock_muser_final_v1 behavioral "C:/Users/Chris/Documents/School/7th Year/Fall 2018/Phys301Final/ALU_part/ALU/final_v1.vhf" sub00/vhpl57 1544408375
AR dcm_100m behavioral "C:/Users/Chris/Documents/School/7th Year/Fall 2018/Phys301Final/ALU_part/ALU/DCM_100M.vhd" sub00/vhpl01 1544408345
AR sram32x8_generic behavioral "C:/Users/Chris/Documents/School/7th Year/Fall 2018/Phys301Final/ALU_part/ALU/sRAM32x8_generic.vhd" sub00/vhpl13 1544408347
AR prog_counter_muser_final_v1 behavioral "C:/Users/Chris/Documents/School/7th Year/Fall 2018/Phys301Final/ALU_part/ALU/final_v1.vhf" sub00/vhpl45 1544408385
EN shiftreg_hex2d NULL "C:/Users/Chris/Documents/School/7th Year/Fall 2018/Phys301Final/ALU_part/ALU/shiftreg_hex2D.vhd" sub00/vhpl22 1544408354
AR key_detect behavioral "C:/Users/Chris/Documents/School/7th Year/Fall 2018/Phys301Final/ALU_part/ALU/key_detect.vhd" sub00/vhpl17 1544408349
AR ftclex_mxilinx_final_v1 behavioral "C:/Users/Chris/Documents/School/7th Year/Fall 2018/Phys301Final/ALU_part/ALU/final_v1.vhf" sub00/vhpl41 1544408381
AR memory_muser_final_v1 behavioral "C:/Users/Chris/Documents/School/7th Year/Fall 2018/Phys301Final/ALU_part/ALU/final_v1.vhf" sub00/vhpl47 1544408363
AR m2_1b1_mxilinx_final_v1 behavioral "C:/Users/Chris/Documents/School/7th Year/Fall 2018/Phys301Final/ALU_part/ALU/final_v1.vhf" sub00/vhpl37 1544408379
AR keypad_input behavioral "C:/Users/Chris/Documents/School/7th Year/Fall 2018/Phys301Final/ALU_part/ALU/keypad_input.vhf" sub00/vhpl51 1544408389
AR key4_dbnc behavioral "C:/Users/Chris/Documents/School/7th Year/Fall 2018/Phys301/CSUSM - PHYS301_Fall2017/PHYS301_FINALPROJECT_v4/key4_dbnc.vhd" sub00/vhpl15 1544408359
EN cb8cled_mxilinx_prog_counter NULL "C:/Users/Chris/Documents/School/7th Year/Fall 2018/Phys301Final/ALU_part/ALU/Prog_Counter.vhf" sub00/vhpl08 1544408402
AR add8_mxilinx_final_v1 behavioral "C:/Users/Chris/Documents/School/7th Year/Fall 2018/Phys301Final/ALU_part/ALU/final_v1.vhf" sub00/vhpl27 1544408365
EN m2_1_mxilinx_final_v1 NULL "C:/Users/Chris/Documents/School/7th Year/Fall 2018/Phys301Final/ALU_part/ALU/final_v1.vhf" sub00/vhpl38 1544408376
EN divclock_muser_final_v1 NULL "C:/Users/Chris/Documents/School/7th Year/Fall 2018/Phys301Final/ALU_part/ALU/final_v1.vhf" sub00/vhpl56 1544408374
AR cb8cled_mxilinx_prog_counter behavioral "C:/Users/Chris/Documents/School/7th Year/Fall 2018/Phys301Final/ALU_part/ALU/Prog_Counter.vhf" sub00/vhpl09 1544408403
AR divclock behavioral "C:/Users/Chris/Documents/School/7th Year/Fall 2018/Phys301Final/ALU_part/ALU/DivClock.vhf" sub00/vhpl65 1544408409
EN final_v1 NULL "C:/Users/Chris/Documents/School/7th Year/Fall 2018/Phys301Final/ALU_part/ALU/final_v1.vhf" sub00/vhpl48 1544408386
AR keypad_input_muser_final_v1 behavioral "C:/Users/Chris/Documents/School/7th Year/Fall 2018/Phys301Final/ALU_part/ALU/final_v1.vhf" sub00/vhpl35 1544408361
EN m2_1b1_mxilinx_prog_counter NULL "C:/Users/Chris/Documents/School/7th Year/Fall 2018/Phys301Final/ALU_part/ALU/Prog_Counter.vhf" sub00/vhpl02 1544408398
EN fjkc_mxilinx_final_v1 NULL "C:/Users/Chris/Documents/School/7th Year/Fall 2018/Phys301Final/ALU_part/ALU/final_v1.vhf" sub00/vhpl54 1544408372
EN m2_1b1_mxilinx_final_v1 NULL "C:/Users/Chris/Documents/School/7th Year/Fall 2018/Phys301Final/ALU_part/ALU/final_v1.vhf" sub00/vhpl36 1544408378
EN divclock_muser_prog_counter NULL "C:/Users/Chris/Documents/School/7th Year/Fall 2018/Phys301Final/ALU_part/ALU/Prog_Counter.vhf" sub00/vhpl60 1544408394
AR fjkc_mxilinx_divclock behavioral "C:/Users/Chris/Documents/School/7th Year/Fall 2018/Phys301Final/ALU_part/ALU/DivClock.vhf" sub00/vhpl63 1544408407
EN keypad_input_muser_final_v1 NULL "C:/Users/Chris/Documents/School/7th Year/Fall 2018/Phys301Final/ALU_part/ALU/final_v1.vhf" sub00/vhpl34 1544408360
EN m2_1_mxilinx_prog_counter NULL "C:/Users/Chris/Documents/School/7th Year/Fall 2018/Phys301Final/ALU_part/ALU/Prog_Counter.vhf" sub00/vhpl04 1544408396
EN dcm_100m NULL "C:/Users/Chris/Documents/School/7th Year/Fall 2018/Phys301Final/ALU_part/ALU/DCM_100M.vhd" sub00/vhpl00 1544408344
AR cb8cled_mxilinx_final_v1 behavioral "C:/Users/Chris/Documents/School/7th Year/Fall 2018/Phys301Final/ALU_part/ALU/final_v1.vhf" sub00/vhpl43 1544408383
EN decoder16keyen NULL "C:/Users/Chris/Documents/School/7th Year/Fall 2018/Phys301Final/ALU_part/ALU/decoder16keyEn.vhd" sub00/vhpl20 1544408352
EN add8_mxilinx_final_v1 NULL "C:/Users/Chris/Documents/School/7th Year/Fall 2018/Phys301Final/ALU_part/ALU/final_v1.vhf" sub00/vhpl26 1544408364
EN fjkc_mxilinx_prog_counter NULL "C:/Users/Chris/Documents/School/7th Year/Fall 2018/Phys301Final/ALU_part/ALU/Prog_Counter.vhf" sub00/vhpl58 1544408392
AR divclock_muser_prog_counter behavioral "C:/Users/Chris/Documents/School/7th Year/Fall 2018/Phys301Final/ALU_part/ALU/Prog_Counter.vhf" sub00/vhpl61 1544408395
EN memory NULL "C:/Users/Chris/Documents/School/7th Year/Fall 2018/Phys301Final/ALU_part/ALU/memory.vhf" sub00/vhpl52 1544408390
EN key_detect NULL "C:/Users/Chris/Documents/School/7th Year/Fall 2018/Phys301Final/ALU_part/ALU/key_detect.vhd" sub00/vhpl16 1544408348
EN cb8cled_mxilinx_final_v1 NULL "C:/Users/Chris/Documents/School/7th Year/Fall 2018/Phys301Final/ALU_part/ALU/final_v1.vhf" sub00/vhpl42 1544408382
EN sram32x8_generic NULL "C:/Users/Chris/Documents/School/7th Year/Fall 2018/Phys301Final/ALU_part/ALU/sRAM32x8_generic.vhd" sub00/vhpl12 1544408346
AR prog_counter behavioral "C:/Users/Chris/Documents/School/7th Year/Fall 2018/Phys301Final/ALU_part/ALU/Prog_Counter.vhf" sub00/vhpl11 1544408405
EN divclock NULL "C:/Users/Chris/Documents/School/7th Year/Fall 2018/Phys301Final/ALU_part/ALU/DivClock.vhf" sub00/vhpl64 1544408408
EN alu_muser_final_v1 NULL "C:/Users/Chris/Documents/School/7th Year/Fall 2018/Phys301Final/ALU_part/ALU/final_v1.vhf" sub00/vhpl32 1544408370
EN key4_dbnc NULL "C:/Users/Chris/Documents/School/7th Year/Fall 2018/Phys301/CSUSM - PHYS301_Fall2017/PHYS301_FINALPROJECT_v4/key4_dbnc.vhd" sub00/vhpl14 1544408358
EN fjkc_mxilinx_divclock NULL "C:/Users/Chris/Documents/School/7th Year/Fall 2018/Phys301Final/ALU_part/ALU/DivClock.vhf" sub00/vhpl62 1544408406
AR ftclex_mxilinx_prog_counter behavioral "C:/Users/Chris/Documents/School/7th Year/Fall 2018/Phys301Final/ALU_part/ALU/Prog_Counter.vhf" sub00/vhpl07 1544408401
AR oneshot behavioral "C:/Users/Chris/Documents/School/7th Year/Fall 2018/Phys301Final/ALU_part/ALU/oneshot.vhd" sub00/vhpl25 1544408357
EN twos_comp_muser_final_v1 NULL "C:/Users/Chris/Documents/School/7th Year/Fall 2018/Phys301Final/ALU_part/ALU/final_v1.vhf" sub00/vhpl28 1544408366
EN adsu8_mxilinx_final_v1 NULL "C:/Users/Chris/Documents/School/7th Year/Fall 2018/Phys301Final/ALU_part/ALU/final_v1.vhf" sub00/vhpl30 1544408368
EN col_strobe NULL "C:/Users/Chris/Documents/School/7th Year/Fall 2018/Phys301Final/ALU_part/ALU/col_strobe.vhd" sub00/vhpl18 1544408350
AR memory behavioral "C:/Users/Chris/Documents/School/7th Year/Fall 2018/Phys301Final/ALU_part/ALU/memory.vhf" sub00/vhpl53 1544408391
EN keypad_input NULL "C:/Users/Chris/Documents/School/7th Year/Fall 2018/Phys301Final/ALU_part/ALU/keypad_input.vhf" sub00/vhpl50 1544408388
AR decoder16keyen doric "C:/Users/Chris/Documents/School/7th Year/Fall 2018/Phys301Final/ALU_part/ALU/decoder16keyEn.vhd" sub00/vhpl21 1544408353
AR adsu8_mxilinx_final_v1 behavioral "C:/Users/Chris/Documents/School/7th Year/Fall 2018/Phys301Final/ALU_part/ALU/final_v1.vhf" sub00/vhpl31 1544408369
AR m2_1_mxilinx_prog_counter behavioral "C:/Users/Chris/Documents/School/7th Year/Fall 2018/Phys301Final/ALU_part/ALU/Prog_Counter.vhf" sub00/vhpl05 1544408397
AR col_strobe behavioral "C:/Users/Chris/Documents/School/7th Year/Fall 2018/Phys301Final/ALU_part/ALU/col_strobe.vhd" sub00/vhpl19 1544408351
AR final_v1 behavioral "C:/Users/Chris/Documents/School/7th Year/Fall 2018/Phys301Final/ALU_part/ALU/final_v1.vhf" sub00/vhpl49 1544408387
EN memory_muser_final_v1 NULL "C:/Users/Chris/Documents/School/7th Year/Fall 2018/Phys301Final/ALU_part/ALU/final_v1.vhf" sub00/vhpl46 1544408362
EN ftclex_mxilinx_final_v1 NULL "C:/Users/Chris/Documents/School/7th Year/Fall 2018/Phys301Final/ALU_part/ALU/final_v1.vhf" sub00/vhpl40 1544408380
AR shiftreg_hex2d behavioral "C:/Users/Chris/Documents/School/7th Year/Fall 2018/Phys301Final/ALU_part/ALU/shiftreg_hex2D.vhd" sub00/vhpl23 1544408355
EN prog_counter NULL "C:/Users/Chris/Documents/School/7th Year/Fall 2018/Phys301Final/ALU_part/ALU/Prog_Counter.vhf" sub00/vhpl10 1544408404
AR fjkc_mxilinx_final_v1 behavioral "C:/Users/Chris/Documents/School/7th Year/Fall 2018/Phys301Final/ALU_part/ALU/final_v1.vhf" sub00/vhpl55 1544408373
AR fjkc_mxilinx_prog_counter behavioral "C:/Users/Chris/Documents/School/7th Year/Fall 2018/Phys301Final/ALU_part/ALU/Prog_Counter.vhf" sub00/vhpl59 1544408393
AR m2_1_mxilinx_final_v1 behavioral "C:/Users/Chris/Documents/School/7th Year/Fall 2018/Phys301Final/ALU_part/ALU/final_v1.vhf" sub00/vhpl39 1544408377
AR alu_muser_final_v1 behavioral "C:/Users/Chris/Documents/School/7th Year/Fall 2018/Phys301Final/ALU_part/ALU/final_v1.vhf" sub00/vhpl33 1544408371
EN switch_debounce NULL "C:/Users/Chris/Documents/School/7th Year/Fall 2018/Phys301/CSUSM - PHYS301_Fall2017/PHYS301_FINALPROJECT_v4/debounce.vhd" sub00/vhpl66 1544408342
AR m2_1b1_mxilinx_prog_counter behavioral "C:/Users/Chris/Documents/School/7th Year/Fall 2018/Phys301Final/ALU_part/ALU/Prog_Counter.vhf" sub00/vhpl03 1544408399
AR twos_comp_muser_final_v1 behavioral "C:/Users/Chris/Documents/School/7th Year/Fall 2018/Phys301Final/ALU_part/ALU/final_v1.vhf" sub00/vhpl29 1544408367
AR switch_debounce behavioral "C:/Users/Chris/Documents/School/7th Year/Fall 2018/Phys301/CSUSM - PHYS301_Fall2017/PHYS301_FINALPROJECT_v4/debounce.vhd" sub00/vhpl67 1544408343
EN prog_counter_muser_final_v1 NULL "C:/Users/Chris/Documents/School/7th Year/Fall 2018/Phys301Final/ALU_part/ALU/final_v1.vhf" sub00/vhpl44 1544408384
EN oneshot NULL "C:/Users/Chris/Documents/School/7th Year/Fall 2018/Phys301Final/ALU_part/ALU/oneshot.vhd" sub00/vhpl24 1544408356
EN ftclex_mxilinx_prog_counter NULL "C:/Users/Chris/Documents/School/7th Year/Fall 2018/Phys301Final/ALU_part/ALU/Prog_Counter.vhf" sub00/vhpl06 1544408400
