V3 141
FL "C:/Users/Chris/Documents/School/7th Year/Fall 2018/Phys301/CSUSM - PHYS301_Fall2017/PHYS301_FINALPROJECT_v4/debounce.vhd" 2017/11/30.10:14:28 P.20131013
EN work/switch_debounce 1544408342 \
      FL "C:/Users/Chris/Documents/School/7th Year/Fall 2018/Phys301/CSUSM - PHYS301_Fall2017/PHYS301_FINALPROJECT_v4/debounce.vhd" \
      PB ieee/std_logic_1164 1381692176 PB ieee/std_logic_arith 1381692177 \
      PB ieee/STD_LOGIC_UNSIGNED 1381692179
AR work/switch_debounce/Behavioral 1544408343 \
      FL "C:/Users/Chris/Documents/School/7th Year/Fall 2018/Phys301/CSUSM - PHYS301_Fall2017/PHYS301_FINALPROJECT_v4/debounce.vhd" \
      EN work/switch_debounce 1544408342
FL "C:/Users/Chris/Documents/School/7th Year/Fall 2018/Phys301/CSUSM - PHYS301_Fall2017/PHYS301_FINALPROJECT_v4/key4_dbnc.vhd" 2017/11/30.09:58:06 P.20131013
EN work/key4_dbnc 1544408358 \
      FL "C:/Users/Chris/Documents/School/7th Year/Fall 2018/Phys301/CSUSM - PHYS301_Fall2017/PHYS301_FINALPROJECT_v4/key4_dbnc.vhd" \
      PB ieee/std_logic_1164 1381692176 PB ieee/NUMERIC_STD 1381692181
AR work/key4_dbnc/Behavioral 1544408359 \
      FL "C:/Users/Chris/Documents/School/7th Year/Fall 2018/Phys301/CSUSM - PHYS301_Fall2017/PHYS301_FINALPROJECT_v4/key4_dbnc.vhd" \
      EN work/key4_dbnc 1544408358 CP switch_debounce
FL "C:/Users/Chris/Documents/School/7th Year/Fall 2018/Phys301Final/ALU_part/ALU/col_strobe.vhd" 2018/12/09.12:05:10 P.20131013
EN work/col_strobe 1544408350 \
      FL "C:/Users/Chris/Documents/School/7th Year/Fall 2018/Phys301Final/ALU_part/ALU/col_strobe.vhd" \
      PB ieee/std_logic_1164 1381692176 PB ieee/std_logic_arith 1381692177 \
      PB ieee/STD_LOGIC_UNSIGNED 1381692179
AR work/col_strobe/Behavioral 1544408351 \
      FL "C:/Users/Chris/Documents/School/7th Year/Fall 2018/Phys301Final/ALU_part/ALU/col_strobe.vhd" \
      EN work/col_strobe 1544408350
FL "C:/Users/Chris/Documents/School/7th Year/Fall 2018/Phys301Final/ALU_part/ALU/DCM_100M.vhd" 2018/12/08.12:40:47 P.20131013
EN work/DCM_100M 1544408344 \
      FL "C:/Users/Chris/Documents/School/7th Year/Fall 2018/Phys301Final/ALU_part/ALU/DCM_100M.vhd" \
      PB ieee/std_logic_1164 1381692176 PB ieee/NUMERIC_STD 1381692181
AR work/DCM_100M/Behavioral 1544408345 \
      FL "C:/Users/Chris/Documents/School/7th Year/Fall 2018/Phys301Final/ALU_part/ALU/DCM_100M.vhd" \
      EN work/DCM_100M 1544408344
FL "C:/Users/Chris/Documents/School/7th Year/Fall 2018/Phys301Final/ALU_part/ALU/decoder16keyEn.vhd" 2018/12/09.12:05:45 P.20131013
EN work/decoder16keyEn 1544408352 \
      FL "C:/Users/Chris/Documents/School/7th Year/Fall 2018/Phys301Final/ALU_part/ALU/decoder16keyEn.vhd" \
      PB ieee/std_logic_1164 1381692176 PB ieee/std_logic_arith 1381692177 \
      PB ieee/STD_LOGIC_UNSIGNED 1381692179
AR work/decoder16keyEn/Doric 1544408353 \
      FL "C:/Users/Chris/Documents/School/7th Year/Fall 2018/Phys301Final/ALU_part/ALU/decoder16keyEn.vhd" \
      EN work/decoder16keyEn 1544408352
FL "C:/Users/Chris/Documents/School/7th Year/Fall 2018/Phys301Final/ALU_part/ALU/DivClock.vhf" 2018/12/09.17:59:48 P.20131013
EN work/FJKC_MXILINX_DivClock 1544408406 \
      FL "C:/Users/Chris/Documents/School/7th Year/Fall 2018/Phys301Final/ALU_part/ALU/DivClock.vhf" \
      PB ieee/std_logic_1164 1381692176 PB ieee/NUMERIC_STD 1381692181 LB UNISIM \
      PH unisim/VCOMPONENTS 1381692182
AR work/FJKC_MXILINX_DivClock/BEHAVIORAL 1544408407 \
      FL "C:/Users/Chris/Documents/School/7th Year/Fall 2018/Phys301Final/ALU_part/ALU/DivClock.vhf" \
      EN work/FJKC_MXILINX_DivClock 1544408406 CP FDC CP AND3B2 CP AND3B1 CP OR3 \
      CP AND2B1
EN work/DivClock 1544408408 \
      FL "C:/Users/Chris/Documents/School/7th Year/Fall 2018/Phys301Final/ALU_part/ALU/DivClock.vhf" \
      PB ieee/std_logic_1164 1381692176 PB ieee/NUMERIC_STD 1381692181 LB UNISIM \
      PH unisim/VCOMPONENTS 1381692182
AR work/DivClock/BEHAVIORAL 1544408409 \
      FL "C:/Users/Chris/Documents/School/7th Year/Fall 2018/Phys301Final/ALU_part/ALU/DivClock.vhf" \
      EN work/DivClock 1544408408 CP FJKC_MXILINX_DivClock CP PULLUP
FL "C:/Users/Chris/Documents/School/7th Year/Fall 2018/Phys301Final/ALU_part/ALU/final_v1.vhf" 2018/12/09.18:18:56 P.20131013
EN work/keypad_input_MUSER_final_v1 1544408360 \
      FL "C:/Users/Chris/Documents/School/7th Year/Fall 2018/Phys301Final/ALU_part/ALU/final_v1.vhf" \
      PB ieee/std_logic_1164 1381692176 PB ieee/NUMERIC_STD 1381692181 LB UNISIM \
      PH unisim/VCOMPONENTS 1381692182
AR work/keypad_input_MUSER_final_v1/BEHAVIORAL 1544408361 \
      FL "C:/Users/Chris/Documents/School/7th Year/Fall 2018/Phys301Final/ALU_part/ALU/final_v1.vhf" \
      EN work/keypad_input_MUSER_final_v1 1544408360 CP key_detect CP col_strobe \
      CP decoder16keyEn CP shiftreg_hex2D CP oneshot CP PULLDOWN CP INV CP key4_dbnc
EN work/memory_MUSER_final_v1 1544408362 \
      FL "C:/Users/Chris/Documents/School/7th Year/Fall 2018/Phys301Final/ALU_part/ALU/final_v1.vhf" \
      PB ieee/std_logic_1164 1381692176 PB ieee/NUMERIC_STD 1381692181 LB UNISIM \
      PH unisim/VCOMPONENTS 1381692182
AR work/memory_MUSER_final_v1/BEHAVIORAL 1544408363 \
      FL "C:/Users/Chris/Documents/School/7th Year/Fall 2018/Phys301Final/ALU_part/ALU/final_v1.vhf" \
      EN work/memory_MUSER_final_v1 1544408362 CP sRAM32x8_generic CP PULLDOWN \
      CP AND3B1 CP INV
EN work/ADD8_MXILINX_final_v1 1544408364 \
      FL "C:/Users/Chris/Documents/School/7th Year/Fall 2018/Phys301Final/ALU_part/ALU/final_v1.vhf" \
      PB ieee/std_logic_1164 1381692176 PB ieee/NUMERIC_STD 1381692181 LB UNISIM \
      PH unisim/VCOMPONENTS 1381692182
AR work/ADD8_MXILINX_final_v1/BEHAVIORAL 1544408365 \
      FL "C:/Users/Chris/Documents/School/7th Year/Fall 2018/Phys301Final/ALU_part/ALU/final_v1.vhf" \
      EN work/ADD8_MXILINX_final_v1 1544408364 CP FMAP CP MUXCY_L CP MUXCY CP XORCY \
      CP MUXCY_D CP XOR2
EN work/twos_comp_MUSER_final_v1 1544408366 \
      FL "C:/Users/Chris/Documents/School/7th Year/Fall 2018/Phys301Final/ALU_part/ALU/final_v1.vhf" \
      PB ieee/std_logic_1164 1381692176 PB ieee/NUMERIC_STD 1381692181 LB UNISIM \
      PH unisim/VCOMPONENTS 1381692182
AR work/twos_comp_MUSER_final_v1/BEHAVIORAL 1544408367 \
      FL "C:/Users/Chris/Documents/School/7th Year/Fall 2018/Phys301Final/ALU_part/ALU/final_v1.vhf" \
      EN work/twos_comp_MUSER_final_v1 1544408366 CP XOR2 CP ADD8_MXILINX_final_v1 \
      CP BUF
EN work/ADSU8_MXILINX_final_v1 1544408368 \
      FL "C:/Users/Chris/Documents/School/7th Year/Fall 2018/Phys301Final/ALU_part/ALU/final_v1.vhf" \
      PB ieee/std_logic_1164 1381692176 PB ieee/NUMERIC_STD 1381692181 LB UNISIM \
      PH unisim/VCOMPONENTS 1381692182
AR work/ADSU8_MXILINX_final_v1/BEHAVIORAL 1544408369 \
      FL "C:/Users/Chris/Documents/School/7th Year/Fall 2018/Phys301Final/ALU_part/ALU/final_v1.vhf" \
      EN work/ADSU8_MXILINX_final_v1 1544408368 CP FMAP CP XOR3 CP MUXCY_L CP MUXCY \
      CP XORCY CP MUXCY_D CP INV CP XOR2
EN work/ALU_MUSER_final_v1 1544408370 \
      FL "C:/Users/Chris/Documents/School/7th Year/Fall 2018/Phys301Final/ALU_part/ALU/final_v1.vhf" \
      PB ieee/std_logic_1164 1381692176 PB ieee/NUMERIC_STD 1381692181 LB UNISIM \
      PH unisim/VCOMPONENTS 1381692182
AR work/ALU_MUSER_final_v1/BEHAVIORAL 1544408371 \
      FL "C:/Users/Chris/Documents/School/7th Year/Fall 2018/Phys301Final/ALU_part/ALU/final_v1.vhf" \
      EN work/ALU_MUSER_final_v1 1544408370 CP ADSU8_MXILINX_final_v1 \
      CP twos_comp_MUSER_final_v1 CP INV CP AND2B1 CP AND2 CP AND3B1 CP OR2
EN work/FJKC_MXILINX_final_v1 1544408372 \
      FL "C:/Users/Chris/Documents/School/7th Year/Fall 2018/Phys301Final/ALU_part/ALU/final_v1.vhf" \
      PB ieee/std_logic_1164 1381692176 PB ieee/NUMERIC_STD 1381692181 LB UNISIM \
      PH unisim/VCOMPONENTS 1381692182
AR work/FJKC_MXILINX_final_v1/BEHAVIORAL 1544408373 \
      FL "C:/Users/Chris/Documents/School/7th Year/Fall 2018/Phys301Final/ALU_part/ALU/final_v1.vhf" \
      EN work/FJKC_MXILINX_final_v1 1544408372 CP FDC CP AND3B2 CP AND3B1 CP OR3 \
      CP AND2B1
EN work/DivClock_MUSER_final_v1 1544408374 \
      FL "C:/Users/Chris/Documents/School/7th Year/Fall 2018/Phys301Final/ALU_part/ALU/final_v1.vhf" \
      PB ieee/std_logic_1164 1381692176 PB ieee/NUMERIC_STD 1381692181 LB UNISIM \
      PH unisim/VCOMPONENTS 1381692182
AR work/DivClock_MUSER_final_v1/BEHAVIORAL 1544408375 \
      FL "C:/Users/Chris/Documents/School/7th Year/Fall 2018/Phys301Final/ALU_part/ALU/final_v1.vhf" \
      EN work/DivClock_MUSER_final_v1 1544408374 CP FJKC_MXILINX_final_v1 \
      CP PULLUP
EN work/M2_1_MXILINX_final_v1 1544408376 \
      FL "C:/Users/Chris/Documents/School/7th Year/Fall 2018/Phys301Final/ALU_part/ALU/final_v1.vhf" \
      PB ieee/std_logic_1164 1381692176 PB ieee/NUMERIC_STD 1381692181 LB UNISIM \
      PH unisim/VCOMPONENTS 1381692182
AR work/M2_1_MXILINX_final_v1/BEHAVIORAL 1544408377 \
      FL "C:/Users/Chris/Documents/School/7th Year/Fall 2018/Phys301Final/ALU_part/ALU/final_v1.vhf" \
      EN work/M2_1_MXILINX_final_v1 1544408376 CP AND2B1 CP OR2 CP AND2
EN work/M2_1B1_MXILINX_final_v1 1544408378 \
      FL "C:/Users/Chris/Documents/School/7th Year/Fall 2018/Phys301Final/ALU_part/ALU/final_v1.vhf" \
      PB ieee/std_logic_1164 1381692176 PB ieee/NUMERIC_STD 1381692181 LB UNISIM \
      PH unisim/VCOMPONENTS 1381692182
AR work/M2_1B1_MXILINX_final_v1/BEHAVIORAL 1544408379 \
      FL "C:/Users/Chris/Documents/School/7th Year/Fall 2018/Phys301Final/ALU_part/ALU/final_v1.vhf" \
      EN work/M2_1B1_MXILINX_final_v1 1544408378 CP AND2B2 CP OR2 CP AND2
EN work/FTCLEX_MXILINX_final_v1 1544408380 \
      FL "C:/Users/Chris/Documents/School/7th Year/Fall 2018/Phys301Final/ALU_part/ALU/final_v1.vhf" \
      PB ieee/std_logic_1164 1381692176 PB ieee/NUMERIC_STD 1381692181 LB UNISIM \
      PH unisim/VCOMPONENTS 1381692182
AR work/FTCLEX_MXILINX_final_v1/BEHAVIORAL 1544408381 \
      FL "C:/Users/Chris/Documents/School/7th Year/Fall 2018/Phys301Final/ALU_part/ALU/final_v1.vhf" \
      EN work/FTCLEX_MXILINX_final_v1 1544408380 CP M2_1_MXILINX_final_v1 CP XOR2 \
      CP FDCE
EN work/CB8CLED_MXILINX_final_v1 1544408382 \
      FL "C:/Users/Chris/Documents/School/7th Year/Fall 2018/Phys301Final/ALU_part/ALU/final_v1.vhf" \
      PB ieee/std_logic_1164 1381692176 PB ieee/NUMERIC_STD 1381692181 LB UNISIM \
      PH unisim/VCOMPONENTS 1381692182
AR work/CB8CLED_MXILINX_final_v1/BEHAVIORAL 1544408383 \
      FL "C:/Users/Chris/Documents/School/7th Year/Fall 2018/Phys301Final/ALU_part/ALU/final_v1.vhf" \
      EN work/CB8CLED_MXILINX_final_v1 1544408382 CP FTCLEX_MXILINX_final_v1 \
      CP M2_1_MXILINX_final_v1 CP M2_1B1_MXILINX_final_v1 CP AND5 CP AND4 CP AND4B3 \
      CP AND2B2 CP VCC CP AND2B1 CP AND3 CP AND3B2 CP AND3B3 CP AND4B4 CP AND2 CP AND5B4 \
      CP OR2
EN work/Prog_Counter_MUSER_final_v1 1544408384 \
      FL "C:/Users/Chris/Documents/School/7th Year/Fall 2018/Phys301Final/ALU_part/ALU/final_v1.vhf" \
      PB ieee/std_logic_1164 1381692176 PB ieee/NUMERIC_STD 1381692181 LB UNISIM \
      PH unisim/VCOMPONENTS 1381692182
AR work/Prog_Counter_MUSER_final_v1/BEHAVIORAL 1544408385 \
      FL "C:/Users/Chris/Documents/School/7th Year/Fall 2018/Phys301Final/ALU_part/ALU/final_v1.vhf" \
      EN work/Prog_Counter_MUSER_final_v1 1544408384 CP CB8CLED_MXILINX_final_v1 \
      CP PULLUP CP INV CP DCM_100M CP PULLDOWN CP BUF CP M2_1_MXILINX_final_v1 \
      CP AND3B1 CP OR2 CP AND2B1 CP DivClock_MUSER_final_v1
EN work/final_v1 1544408386 \
      FL "C:/Users/Chris/Documents/School/7th Year/Fall 2018/Phys301Final/ALU_part/ALU/final_v1.vhf" \
      PB ieee/std_logic_1164 1381692176 PB ieee/NUMERIC_STD 1381692181 LB UNISIM \
      PH unisim/VCOMPONENTS 1381692182
AR work/final_v1/BEHAVIORAL 1544408387 \
      FL "C:/Users/Chris/Documents/School/7th Year/Fall 2018/Phys301Final/ALU_part/ALU/final_v1.vhf" \
      EN work/final_v1 1544408386 CP memory_MUSER_final_v1 \
      CP Prog_Counter_MUSER_final_v1 CP keypad_input_MUSER_final_v1 \
      CP ALU_MUSER_final_v1 CP INV
FL "C:/Users/Chris/Documents/School/7th Year/Fall 2018/Phys301Final/ALU_part/ALU/key4_dbnc.vhd" 2017/11/30.09:58:06 P.20131013
FL "C:/Users/Chris/Documents/School/7th Year/Fall 2018/Phys301Final/ALU_part/ALU/keypad_input.vhf" 2018/12/09.18:18:46 P.20131013
EN work/keypad_input 1544408388 \
      FL "C:/Users/Chris/Documents/School/7th Year/Fall 2018/Phys301Final/ALU_part/ALU/keypad_input.vhf" \
      PB ieee/std_logic_1164 1381692176 PB ieee/NUMERIC_STD 1381692181 LB UNISIM \
      PH unisim/VCOMPONENTS 1381692182
AR work/keypad_input/BEHAVIORAL 1544408389 \
      FL "C:/Users/Chris/Documents/School/7th Year/Fall 2018/Phys301Final/ALU_part/ALU/keypad_input.vhf" \
      EN work/keypad_input 1544408388 CP key_detect CP col_strobe CP decoder16keyEn \
      CP shiftreg_hex2D CP oneshot CP PULLDOWN CP INV CP key4_dbnc
FL "C:/Users/Chris/Documents/School/7th Year/Fall 2018/Phys301Final/ALU_part/ALU/key_detect.vhd" 2018/12/09.12:05:29 P.20131013
EN work/key_detect 1544408348 \
      FL "C:/Users/Chris/Documents/School/7th Year/Fall 2018/Phys301Final/ALU_part/ALU/key_detect.vhd" \
      PB ieee/std_logic_1164 1381692176 PB ieee/std_logic_arith 1381692177 \
      PB ieee/STD_LOGIC_UNSIGNED 1381692179
AR work/key_detect/Behavioral 1544408349 \
      FL "C:/Users/Chris/Documents/School/7th Year/Fall 2018/Phys301Final/ALU_part/ALU/key_detect.vhd" \
      EN work/key_detect 1544408348
FL "C:/Users/Chris/Documents/School/7th Year/Fall 2018/Phys301Final/ALU_part/ALU/memory.vhf" 2018/12/09.17:59:42 P.20131013
EN work/memory 1544408390 \
      FL "C:/Users/Chris/Documents/School/7th Year/Fall 2018/Phys301Final/ALU_part/ALU/memory.vhf" \
      PB ieee/std_logic_1164 1381692176 PB ieee/NUMERIC_STD 1381692181 LB UNISIM \
      PH unisim/VCOMPONENTS 1381692182
AR work/memory/BEHAVIORAL 1544408391 \
      FL "C:/Users/Chris/Documents/School/7th Year/Fall 2018/Phys301Final/ALU_part/ALU/memory.vhf" \
      EN work/memory 1544408390 CP sRAM32x8_generic CP PULLDOWN CP AND3B1 CP INV
FL "C:/Users/Chris/Documents/School/7th Year/Fall 2018/Phys301Final/ALU_part/ALU/oneshot.vhd" 2018/12/09.12:10:18 P.20131013
EN work/oneshot 1544408356 \
      FL "C:/Users/Chris/Documents/School/7th Year/Fall 2018/Phys301Final/ALU_part/ALU/oneshot.vhd" \
      PB ieee/std_logic_1164 1381692176 PB ieee/NUMERIC_STD 1381692181 \
      PB ieee/std_logic_arith 1381692177
AR work/oneshot/Behavioral 1544408357 \
      FL "C:/Users/Chris/Documents/School/7th Year/Fall 2018/Phys301Final/ALU_part/ALU/oneshot.vhd" \
      EN work/oneshot 1544408356
FL "C:/Users/Chris/Documents/School/7th Year/Fall 2018/Phys301Final/ALU_part/ALU/Prog_Counter.vhf" 2018/12/09.17:59:51 P.20131013
EN work/FJKC_MXILINX_Prog_Counter 1544408392 \
      FL "C:/Users/Chris/Documents/School/7th Year/Fall 2018/Phys301Final/ALU_part/ALU/Prog_Counter.vhf" \
      PB ieee/std_logic_1164 1381692176 PB ieee/NUMERIC_STD 1381692181 LB UNISIM \
      PH unisim/VCOMPONENTS 1381692182
AR work/FJKC_MXILINX_Prog_Counter/BEHAVIORAL 1544408393 \
      FL "C:/Users/Chris/Documents/School/7th Year/Fall 2018/Phys301Final/ALU_part/ALU/Prog_Counter.vhf" \
      EN work/FJKC_MXILINX_Prog_Counter 1544408392 CP FDC CP AND3B2 CP AND3B1 CP OR3 \
      CP AND2B1
EN work/DivClock_MUSER_Prog_Counter 1544408394 \
      FL "C:/Users/Chris/Documents/School/7th Year/Fall 2018/Phys301Final/ALU_part/ALU/Prog_Counter.vhf" \
      PB ieee/std_logic_1164 1381692176 PB ieee/NUMERIC_STD 1381692181 LB UNISIM \
      PH unisim/VCOMPONENTS 1381692182
AR work/DivClock_MUSER_Prog_Counter/BEHAVIORAL 1544408395 \
      FL "C:/Users/Chris/Documents/School/7th Year/Fall 2018/Phys301Final/ALU_part/ALU/Prog_Counter.vhf" \
      EN work/DivClock_MUSER_Prog_Counter 1544408394 CP FJKC_MXILINX_Prog_Counter \
      CP PULLUP
EN work/M2_1_MXILINX_Prog_Counter 1544408396 \
      FL "C:/Users/Chris/Documents/School/7th Year/Fall 2018/Phys301Final/ALU_part/ALU/Prog_Counter.vhf" \
      PB ieee/std_logic_1164 1381692176 PB ieee/NUMERIC_STD 1381692181 LB UNISIM \
      PH unisim/VCOMPONENTS 1381692182
AR work/M2_1_MXILINX_Prog_Counter/BEHAVIORAL 1544408397 \
      FL "C:/Users/Chris/Documents/School/7th Year/Fall 2018/Phys301Final/ALU_part/ALU/Prog_Counter.vhf" \
      EN work/M2_1_MXILINX_Prog_Counter 1544408396 CP AND2B1 CP OR2 CP AND2
EN work/M2_1B1_MXILINX_Prog_Counter 1544408398 \
      FL "C:/Users/Chris/Documents/School/7th Year/Fall 2018/Phys301Final/ALU_part/ALU/Prog_Counter.vhf" \
      PB ieee/std_logic_1164 1381692176 PB ieee/NUMERIC_STD 1381692181 LB UNISIM \
      PH unisim/VCOMPONENTS 1381692182
AR work/M2_1B1_MXILINX_Prog_Counter/BEHAVIORAL 1544408399 \
      FL "C:/Users/Chris/Documents/School/7th Year/Fall 2018/Phys301Final/ALU_part/ALU/Prog_Counter.vhf" \
      EN work/M2_1B1_MXILINX_Prog_Counter 1544408398 CP AND2B2 CP OR2 CP AND2
EN work/FTCLEX_MXILINX_Prog_Counter 1544408400 \
      FL "C:/Users/Chris/Documents/School/7th Year/Fall 2018/Phys301Final/ALU_part/ALU/Prog_Counter.vhf" \
      PB ieee/std_logic_1164 1381692176 PB ieee/NUMERIC_STD 1381692181 LB UNISIM \
      PH unisim/VCOMPONENTS 1381692182
AR work/FTCLEX_MXILINX_Prog_Counter/BEHAVIORAL 1544408401 \
      FL "C:/Users/Chris/Documents/School/7th Year/Fall 2018/Phys301Final/ALU_part/ALU/Prog_Counter.vhf" \
      EN work/FTCLEX_MXILINX_Prog_Counter 1544408400 CP M2_1_MXILINX_Prog_Counter \
      CP XOR2 CP FDCE
EN work/CB8CLED_MXILINX_Prog_Counter 1544408402 \
      FL "C:/Users/Chris/Documents/School/7th Year/Fall 2018/Phys301Final/ALU_part/ALU/Prog_Counter.vhf" \
      PB ieee/std_logic_1164 1381692176 PB ieee/NUMERIC_STD 1381692181 LB UNISIM \
      PH unisim/VCOMPONENTS 1381692182
AR work/CB8CLED_MXILINX_Prog_Counter/BEHAVIORAL 1544408403 \
      FL "C:/Users/Chris/Documents/School/7th Year/Fall 2018/Phys301Final/ALU_part/ALU/Prog_Counter.vhf" \
      EN work/CB8CLED_MXILINX_Prog_Counter 1544408402 \
      CP FTCLEX_MXILINX_Prog_Counter CP M2_1_MXILINX_Prog_Counter \
      CP M2_1B1_MXILINX_Prog_Counter CP AND5 CP AND4 CP AND4B3 CP AND2B2 CP VCC \
      CP AND2B1 CP AND3 CP AND3B2 CP AND3B3 CP AND4B4 CP AND2 CP AND5B4 CP OR2
EN work/Prog_Counter 1544408404 \
      FL "C:/Users/Chris/Documents/School/7th Year/Fall 2018/Phys301Final/ALU_part/ALU/Prog_Counter.vhf" \
      PB ieee/std_logic_1164 1381692176 PB ieee/NUMERIC_STD 1381692181 LB UNISIM \
      PH unisim/VCOMPONENTS 1381692182
AR work/Prog_Counter/BEHAVIORAL 1544408405 \
      FL "C:/Users/Chris/Documents/School/7th Year/Fall 2018/Phys301Final/ALU_part/ALU/Prog_Counter.vhf" \
      EN work/Prog_Counter 1544408404 CP CB8CLED_MXILINX_Prog_Counter CP PULLUP \
      CP INV CP DCM_100M CP PULLDOWN CP BUF CP M2_1_MXILINX_Prog_Counter CP AND3B1 \
      CP OR2 CP AND2B1 CP DivClock_MUSER_Prog_Counter
FL "C:/Users/Chris/Documents/School/7th Year/Fall 2018/Phys301Final/ALU_part/ALU/shiftreg_hex2D.vhd" 2018/12/09.12:05:54 P.20131013
EN work/shiftreg_hex2D 1544408354 \
      FL "C:/Users/Chris/Documents/School/7th Year/Fall 2018/Phys301Final/ALU_part/ALU/shiftreg_hex2D.vhd" \
      PB ieee/std_logic_1164 1381692176
AR work/shiftreg_hex2D/Behavioral 1544408355 \
      FL "C:/Users/Chris/Documents/School/7th Year/Fall 2018/Phys301Final/ALU_part/ALU/shiftreg_hex2D.vhd" \
      EN work/shiftreg_hex2D 1544408354
FL "C:/Users/Chris/Documents/School/7th Year/Fall 2018/Phys301Final/ALU_part/ALU/sRAM32x8_generic.vhd" 2018/12/08.13:06:45 P.20131013
EN work/sRAM32x8_generic 1544408346 \
      FL "C:/Users/Chris/Documents/School/7th Year/Fall 2018/Phys301Final/ALU_part/ALU/sRAM32x8_generic.vhd" \
      PB ieee/std_logic_1164 1381692176 PB ieee/NUMERIC_STD 1381692181 \
      PB ieee/STD_LOGIC_UNSIGNED 1381692179 LB UNISIM PH unisim/VCOMPONENTS 1381692182
AR work/sRAM32x8_generic/Behavioral 1544408347 \
      FL "C:/Users/Chris/Documents/School/7th Year/Fall 2018/Phys301Final/ALU_part/ALU/sRAM32x8_generic.vhd" \
      EN work/sRAM32x8_generic 1544408346
