#-----------------------------------------------------------
# PlanAhead v14.7 (64-bit)
# Build 321239 by xbuild on Fri Sep 27 19:29:51 MDT 2013
# Start of session at: Sat Sep 22 17:38:14 2018
# Process ID: 6476
# Log file: C:/Users/Robert/Desktop/phys301/ISE projects/adder2b/planAhead_run_1/planAhead.log
# Journal file: C:/Users/Robert/Desktop/phys301/ISE projects/adder2b/planAhead_run_1/planAhead.jou
#-----------------------------------------------------------
start_gui
source {C:/Users/Robert/Desktop/phys301/ISE projects/adder2b/pa.fromNetlist.tcl}
startgroup
set_property package_pin P11 [get_ports A0]
endgroup
startgroup
set_property package_pin L3 [get_ports A1]
endgroup
startgroup
set_property package_pin K3 [get_ports B0]
endgroup
startgroup
set_property package_pin B4 [get_ports B1]
endgroup
startgroup
set_property package_pin M5 [get_ports S0out]
endgroup
startgroup
set_property package_pin M11 [get_ports S1out]
endgroup
startgroup
set_property package_pin P7 [get_ports Cout]
endgroup
startgroup
set_property package_pin M5 [get_ports S0out]
endgroup
save_constraints
